Archive member included to satisfy reference by file (symbol)

/home/luiz/Documents/UTFPR/Embarcados/Sistemas-Embarcados-UTFPR/cmsis/lib/libarm_cortexM4lf_math.a(arm_const_structs.o)
                              ./Core/Src/main.o (arm_cfft_sR_f32_len256)
/home/luiz/Documents/UTFPR/Embarcados/Sistemas-Embarcados-UTFPR/cmsis/lib/libarm_cortexM4lf_math.a(arm_common_tables.o)
                              /home/luiz/Documents/UTFPR/Embarcados/Sistemas-Embarcados-UTFPR/cmsis/lib/libarm_cortexM4lf_math.a(arm_const_structs.o) (armBitRevIndexTable_fixed_4096)
/home/luiz/Documents/UTFPR/Embarcados/Sistemas-Embarcados-UTFPR/cmsis/lib/libarm_cortexM4lf_math.a(arm_cfft_f32.o)
                              ./Core/Src/main.o (arm_cfft_f32)
/home/luiz/Documents/UTFPR/Embarcados/Sistemas-Embarcados-UTFPR/cmsis/lib/libarm_cortexM4lf_math.a(arm_cmplx_mag_f32.o)
                              ./Core/Src/main.o (arm_cmplx_mag_f32)
/home/luiz/Documents/UTFPR/Embarcados/Sistemas-Embarcados-UTFPR/cmsis/lib/libarm_cortexM4lf_math.a(arm_scale_f32.o)
                              ./Core/Src/main.o (arm_scale_f32)
/home/luiz/Documents/UTFPR/Embarcados/Sistemas-Embarcados-UTFPR/cmsis/lib/libarm_cortexM4lf_math.a(arm_bitreversal2.o)
                              /home/luiz/Documents/UTFPR/Embarcados/Sistemas-Embarcados-UTFPR/cmsis/lib/libarm_cortexM4lf_math.a(arm_cfft_f32.o) (arm_bitreversal_32)
/home/luiz/Documents/UTFPR/Embarcados/Sistemas-Embarcados-UTFPR/cmsis/lib/libarm_cortexM4lf_math.a(arm_cfft_radix8_f32.o)
                              /home/luiz/Documents/UTFPR/Embarcados/Sistemas-Embarcados-UTFPR/cmsis/lib/libarm_cortexM4lf_math.a(arm_cfft_f32.o) (arm_radix8_butterfly_f32)
/opt/st/stm32cube/plugins/com.st.stm32cube.ide.mcu.externaltools.gnu-tools-for-stm32.10.3-2021.10.linux64_1.0.0.202111181127/tools/bin/../lib/gcc/arm-none-eabi/10.3.1/../../../../arm-none-eabi/lib/thumb/v7e-m+fp/hard/libc_nano.a(lib_a-atoi.o)
                              ./Core/Src/main.o (atoi)
/opt/st/stm32cube/plugins/com.st.stm32cube.ide.mcu.externaltools.gnu-tools-for-stm32.10.3-2021.10.linux64_1.0.0.202111181127/tools/bin/../lib/gcc/arm-none-eabi/10.3.1/../../../../arm-none-eabi/lib/thumb/v7e-m+fp/hard/libc_nano.a(lib_a-errno.o)
                              ./Core/Src/syscalls.o (__errno)
/opt/st/stm32cube/plugins/com.st.stm32cube.ide.mcu.externaltools.gnu-tools-for-stm32.10.3-2021.10.linux64_1.0.0.202111181127/tools/bin/../lib/gcc/arm-none-eabi/10.3.1/../../../../arm-none-eabi/lib/thumb/v7e-m+fp/hard/libc_nano.a(lib_a-exit.o)
                              /opt/st/stm32cube/plugins/com.st.stm32cube.ide.mcu.externaltools.gnu-tools-for-stm32.10.3-2021.10.linux64_1.0.0.202111181127/tools/bin/../lib/gcc/arm-none-eabi/10.3.1/../../../../arm-none-eabi/lib/thumb/v7e-m+fp/hard/crt0.o (exit)
/opt/st/stm32cube/plugins/com.st.stm32cube.ide.mcu.externaltools.gnu-tools-for-stm32.10.3-2021.10.linux64_1.0.0.202111181127/tools/bin/../lib/gcc/arm-none-eabi/10.3.1/../../../../arm-none-eabi/lib/thumb/v7e-m+fp/hard/libc_nano.a(lib_a-findfp.o)
                              ./Middlewares/Third_Party/FreeRTOS/Source/tasks.o (__sf_fake_stderr)
/opt/st/stm32cube/plugins/com.st.stm32cube.ide.mcu.externaltools.gnu-tools-for-stm32.10.3-2021.10.linux64_1.0.0.202111181127/tools/bin/../lib/gcc/arm-none-eabi/10.3.1/../../../../arm-none-eabi/lib/thumb/v7e-m+fp/hard/libc_nano.a(lib_a-fwalk.o)
                              /opt/st/stm32cube/plugins/com.st.stm32cube.ide.mcu.externaltools.gnu-tools-for-stm32.10.3-2021.10.linux64_1.0.0.202111181127/tools/bin/../lib/gcc/arm-none-eabi/10.3.1/../../../../arm-none-eabi/lib/thumb/v7e-m+fp/hard/libc_nano.a(lib_a-findfp.o) (_fwalk)
/opt/st/stm32cube/plugins/com.st.stm32cube.ide.mcu.externaltools.gnu-tools-for-stm32.10.3-2021.10.linux64_1.0.0.202111181127/tools/bin/../lib/gcc/arm-none-eabi/10.3.1/../../../../arm-none-eabi/lib/thumb/v7e-m+fp/hard/libc_nano.a(lib_a-impure.o)
                              /opt/st/stm32cube/plugins/com.st.stm32cube.ide.mcu.externaltools.gnu-tools-for-stm32.10.3-2021.10.linux64_1.0.0.202111181127/tools/bin/../lib/gcc/arm-none-eabi/10.3.1/../../../../arm-none-eabi/lib/thumb/v7e-m+fp/hard/libc_nano.a(lib_a-exit.o) (_global_impure_ptr)
/opt/st/stm32cube/plugins/com.st.stm32cube.ide.mcu.externaltools.gnu-tools-for-stm32.10.3-2021.10.linux64_1.0.0.202111181127/tools/bin/../lib/gcc/arm-none-eabi/10.3.1/../../../../arm-none-eabi/lib/thumb/v7e-m+fp/hard/libc_nano.a(lib_a-init.o)
                              /opt/st/stm32cube/plugins/com.st.stm32cube.ide.mcu.externaltools.gnu-tools-for-stm32.10.3-2021.10.linux64_1.0.0.202111181127/tools/bin/../lib/gcc/arm-none-eabi/10.3.1/../../../../arm-none-eabi/lib/thumb/v7e-m+fp/hard/crt0.o (__libc_init_array)
/opt/st/stm32cube/plugins/com.st.stm32cube.ide.mcu.externaltools.gnu-tools-for-stm32.10.3-2021.10.linux64_1.0.0.202111181127/tools/bin/../lib/gcc/arm-none-eabi/10.3.1/../../../../arm-none-eabi/lib/thumb/v7e-m+fp/hard/libc_nano.a(lib_a-itoa.o)
[...]
Memory Configuration

Name             Origin             Length             Attributes
RAM              0x0000000020000000 0x0000000000018000 xrw
FLASH            0x0000000008000000 0x0000000000060000 xr
*default*        0x0000000000000000 0xffffffffffffffff

Linker script and memory map

LOAD /opt/st/stm32cube/plugins/com.st.stm32cube.ide.mcu.externaltools.gnu-tools-for-stm32.10.3-2021.10.linux64_1.0.0.202111181127/tools/bin/../lib/gcc/arm-none-eabi/10.3.1/thumb/v7e-m+fp/hard/crti.o
LOAD /opt/st/stm32cube/plugins/com.st.stm32cube.ide.mcu.externaltools.gnu-tools-for-stm32.10.3-2021.10.linux64_1.0.0.202111181127/tools/bin/../lib/gcc/arm-none-eabi/10.3.1/thumb/v7e-m+fp/hard/crtbegin.o
LOAD /opt/st/stm32cube/plugins/com.st.stm32cube.ide.mcu.externaltools.gnu-tools-for-stm32.10.3-2021.10.linux64_1.0.0.202111181127/tools/bin/../lib/gcc/arm-none-eabi/10.3.1/../../../../arm-none-eabi/lib/thumb/v7e-m+fp/hard/crt0.o
LOAD ./Core/Src/FreeRTOS_CLI.o
LOAD ./Core/Src/freertos.o
LOAD ./Core/Src/main.o
LOAD ./Core/Src/stm32f4xx_hal_msp.o
LOAD ./Core/Src/stm32f4xx_it.o
LOAD ./Core/Src/syscalls.o
LOAD ./Core/Src/sysmem.o
LOAD ./Core/Src/system_stm32f4xx.o
LOAD ./Core/Startup/startup_stm32f401cdux.o
LOAD ./Drivers/STM32F4xx_HAL_Driver/Src/stm32f4xx_hal.o
LOAD ./Drivers/STM32F4xx_HAL_Driver/Src/stm32f4xx_hal_adc.o
LOAD ./Drivers/STM32F4xx_HAL_Driver/Src/stm32f4xx_hal_adc_ex.o
LOAD ./Drivers/STM32F4xx_HAL_Driver/Src/stm32f4xx_hal_cortex.o
LOAD ./Drivers/STM32F4xx_HAL_Driver/Src/stm32f4xx_hal_dma.o
LOAD ./Drivers/STM32F4xx_HAL_Driver/Src/stm32f4xx_hal_dma_ex.o
LOAD ./Drivers/STM32F4xx_HAL_Driver/Src/stm32f4xx_hal_exti.o
LOAD ./Drivers/STM32F4xx_HAL_Driver/Src/stm32f4xx_hal_flash.o
LOAD ./Drivers/STM32F4xx_HAL_Driver/Src/stm32f4xx_hal_flash_ex.o
LOAD ./Drivers/STM32F4xx_HAL_Driver/Src/stm32f4xx_hal_flash_ramfunc.o
LOAD ./Drivers/STM32F4xx_HAL_Driver/Src/stm32f4xx_hal_gpio.o
LOAD ./Drivers/STM32F4xx_HAL_Driver/Src/stm32f4xx_hal_pcd.o
LOAD ./Drivers/STM32F4xx_HAL_Driver/Src/stm32f4xx_hal_pcd_ex.o
LOAD ./Drivers/STM32F4xx_HAL_Driver/Src/stm32f4xx_hal_pwr.o
LOAD ./Drivers/STM32F4xx_HAL_Driver/Src/stm32f4xx_hal_pwr_ex.o
LOAD ./Drivers/STM32F4xx_HAL_Driver/Src/stm32f4xx_hal_rcc.o
LOAD ./Drivers/STM32F4xx_HAL_Driver/Src/stm32f4xx_hal_rcc_ex.o
LOAD ./Drivers/STM32F4xx_HAL_Driver/Src/stm32f4xx_hal_tim.o
LOAD ./Drivers/STM32F4xx_HAL_Driver/Src/stm32f4xx_hal_tim_ex.o
LOAD ./Drivers/STM32F4xx_HAL_Driver/Src/stm32f4xx_ll_adc.o
LOAD ./Drivers/STM32F4xx_HAL_Driver/Src/stm32f4xx_ll_usb.o
LOAD ./Middlewares/ST/STM32_USB_Device_Library/Class/CDC/Src/usbd_cdc.o
LOAD ./Middlewares/ST/STM32_USB_Device_Library/Core/Src/usbd_core.o
LOAD ./Middlewares/ST/STM32_USB_Device_Library/Core/Src/usbd_ctlreq.o
LOAD ./Middlewares/ST/STM32_USB_Device_Library/Core/Src/usbd_ioreq.o
LOAD ./Middlewares/Third_Party/FreeRTOS/Source/CMSIS_RTOS_V2/cmsis_os2.o
LOAD ./Middlewares/Third_Party/FreeRTOS/Source/croutine.o
LOAD ./Middlewares/Third_Party/FreeRTOS/Source/event_groups.o
LOAD ./Middlewares/Third_Party/FreeRTOS/Source/list.o
LOAD ./Middlewares/Third_Party/FreeRTOS/Source/queue.o
LOAD ./Middlewares/Third_Party/FreeRTOS/Source/stream_buffer.o
LOAD ./Middlewares/Third_Party/FreeRTOS/Source/tasks.o
LOAD ./Middlewares/Third_Party/FreeRTOS/Source/timers.o
LOAD ./Middlewares/Third_Party/FreeRTOS/Source/portable/GCC/ARM_CM4F/port.o
LOAD ./Middlewares/Third_Party/FreeRTOS/Source/portable/MemMang/heap_4.o
LOAD ./USB_DEVICE/App/usb_device.o
LOAD ./USB_DEVICE/App/usbd_cdc_if.o
LOAD ./USB_DEVICE/App/usbd_desc.o
LOAD ./USB_DEVICE/Target/usbd_conf.o
LOAD /home/luiz/Documents/UTFPR/Embarcados/Sistemas-Embarcados-UTFPR/cmsis/lib/libarm_cortexM4lf_math.a
START GROUP
LOAD /opt/st/stm32cube/plugins/com.st.stm32cube.ide.mcu.externaltools.gnu-tools-for-stm32.10.3-2021.10.linux64_1.0.0.202111181127/tools/bin/../lib/gcc/arm-none-eabi/10.3.1/../../../../arm-none-eabi/lib/thumb/v7e-m+fp/hard/libc_nano.a
LOAD /opt/st/stm32cube/plugins/com.st.stm32cube.ide.mcu.externaltools.gnu-tools-for-stm32.10.3-2021.10.linux64_1.0.0.202111181127/tools/bin/../lib/gcc/arm-none-eabi/10.3.1/../../../../arm-none-eabi/lib/thumb/v7e-m+fp/hard/libm.a
END GROUP
START GROUP
LOAD /opt/st/stm32cube/plugins/com.st.stm32cube.ide.mcu.externaltools.gnu-tools-for-stm32.10.3-2021.10.linux64_1.0.0.202111181127/tools/bin/../lib/gcc/arm-none-eabi/10.3.1/thumb/v7e-m+fp/hard/libgcc.a
LOAD /opt/st/stm32cube/plugins/com.st.stm32cube.ide.mcu.externaltools.gnu-tools-for-stm32.10.3-2021.10.linux64_1.0.0.202111181127/tools/bin/../lib/gcc/arm-none-eabi/10.3.1/../../../../arm-none-eabi/lib/thumb/v7e-m+fp/hard/libc_nano.a
END GROUP
START GROUP
LOAD /opt/st/stm32cube/plugins/com.st.stm32cube.ide.mcu.externaltools.gnu-tools-for-stm32.10.3-2021.10.linux64_1.0.0.202111181127/tools/bin/../lib/gcc/arm-none-eabi/10.3.1/thumb/v7e-m+fp/hard/libgcc.a
LOAD /opt/st/stm32cube/plugins/com.st.stm32cube.ide.mcu.externaltools.gnu-tools-for-stm32.10.3-2021.10.linux64_1.0.0.202111181127/tools/bin/../lib/gcc/arm-none-eabi/10.3.1/../../../../arm-none-eabi/lib/thumb/v7e-m+fp/hard/libc_nano.a
LOAD /opt/st/stm32cube/plugins/com.st.stm32cube.ide.mcu.externaltools.gnu-tools-for-stm32.10.3-2021.10.linux64_1.0.0.202111181127/tools/bin/../lib/gcc/arm-none-eabi/10.3.1/../../../../arm-none-eabi/lib/thumb/v7e-m+fp/hard/libnosys.a
END GROUP
START GROUP
LOAD /opt/st/stm32cube/plugins/com.st.stm32cube.ide.mcu.externaltools.gnu-tools-for-stm32.10.3-2021.10.linux64_1.0.0.202111181127/tools/bin/../lib/gcc/arm-none-eabi/10.3.1/thumb/v7e-m+fp/hard/libgcc.a
LOAD /opt/st/stm32cube/plugins/com.st.stm32cube.ide.mcu.externaltools.gnu-tools-for-stm32.10.3-2021.10.linux64_1.0.0.202111181127/tools/bin/../lib/gcc/arm-none-eabi/10.3.1/../../../../arm-none-eabi/lib/thumb/v7e-m+fp/hard/libc_nano.a
LOAD /opt/st/stm32cube/plugins/com.st.stm32cube.ide.mcu.externaltools.gnu-tools-for-stm32.10.3-2021.10.linux64_1.0.0.202111181127/tools/bin/../lib/gcc/arm-none-eabi/10.3.1/../../../../arm-none-eabi/lib/thumb/v7e-m+fp/hard/libnosys.a
END GROUP
LOAD /opt/st/stm32cube/plugins/com.st.stm32cube.ide.mcu.externaltools.gnu-tools-for-stm32.10.3-2021.10.linux64_1.0.0.202111181127/tools/bin/../lib/gcc/arm-none-eabi/10.3.1/thumb/v7e-m+fp/hard/crtend.o
LOAD /opt/st/stm32cube/plugins/com.st.stm32cube.ide.mcu.externaltools.gnu-tools-for-stm32.10.3-2021.10.linux64_1.0.0.202111181127/tools/bin/../lib/gcc/arm-none-eabi/10.3.1/thumb/v7e-m+fp/hard/crtn.o
                0x0000000020018000                _estack = (ORIGIN (RAM) + LENGTH (RAM))
                0x0000000000000200                _Min_Heap_Size = 0x200
                0x0000000000000400                _Min_Stack_Size = 0x400

.isr_vector     0x0000000008000000      0x194
                0x0000000008000000                . = ALIGN (0x4)
 *(.isr_vector)
 .isr_vector    0x0000000008000000      0x194 ./Core/Startup/startup_stm32f401cdux.o
                0x0000000008000000                g_pfnVectors
                0x0000000008000194                . = ALIGN (0x4)

.text           0x00000000080001a0    0x10184
                0x00000000080001a0                . = ALIGN (0x4)
 *(.text)
 .text          0x00000000080001a0       0x40 /opt/st/stm32cube/plugins/com.st.stm32cube.ide.mcu.externaltools.gnu-tools-for-stm32.10.3-2021.10.linux64_1.0.0.202111181127/tools/bin/../lib/gcc/arm-none-eabi/10.3.1/thumb/v7e-m+fp/hard/crtbegin.o
 .text          0x00000000080001e0       0xc0 /home/luiz/Documents/UTFPR/Embarcados/Sistemas-Embarcados-UTFPR/cmsis/lib/libarm_cortexM4lf_math.a(arm_bitreversal2.o)
                0x00000000080001e0                arm_bitreversal_32
                0x000000000800024a                arm_bitreversal_16
 .text          0x00000000080002a0       0x10 /opt/st/stm32cube/plugins/com.st.stm32cube.ide.mcu.externaltools.gnu-tools-for-stm32.10.3-2021.10.linux64_1.0.0.202111181127/tools/bin/../lib/gcc/arm-none-eabi/10.3.1/../../../../arm-none-eabi/lib/thumb/v7e-m+fp/hard/libc_nano.a(lib_a-strlen.o)
                0x00000000080002a0                strlen
 .text          0x00000000080002b0       0xa0 /opt/st/stm32cube/plugins/com.st.stm32cube.ide.mcu.externaltools.gnu-tools-for-stm32.10.3-2021.10.linux64_1.0.0.202111181127/tools/bin/../lib/gcc/arm-none-eabi/10.3.1/../../../../arm-none-eabi/lib/thumb/v7e-m+fp/hard/libc_nano.a(lib_a-memchr.o)
                0x00000000080002b0                memchr
 .text          0x0000000008000350      0x378 /opt/st/stm32cube/plugins/com.st.stm32cube.ide.mcu.externaltools.gnu-tools-for-stm32.10.3-2021.10.linux64_1.0.0.202111181127/tools/bin/../lib/gcc/arm-none-eabi/10.3.1/thumb/v7e-m+fp/hard/libgcc.a(_arm_addsubdf3.o)
                0x0000000008000350                __aeabi_drsub
                0x0000000008000358                __aeabi_dsub
                0x0000000008000358                __subdf3
                0x000000000800035c                __adddf3
                0x000000000800035c                __aeabi_dadd
                0x00000000080005d4                __aeabi_ui2d
                0x00000000080005d4                __floatunsidf
                0x00000000080005f4                __floatsidf
                0x00000000080005f4                __aeabi_i2d
                0x0000000008000618                __extendsfdf2
                0x0000000008000618                __aeabi_f2d
                0x000000000800065c                __aeabi_ul2d
                0x000000000800065c                __floatundidf
                0x000000000800066c                __floatdidf
                0x000000000800066c                __aeabi_l2d
 .text          0x00000000080006c8      0x424 /opt/st/stm32cube/plugins/com.st.stm32cube.ide.mcu.externaltools.gnu-tools-for-stm32.10.3-2021.10.linux64_1.0.0.202111181127/tools/bin/../lib/gcc/arm-none-eabi/10.3.1/thumb/v7e-m+fp/hard/libgcc.a(_arm_muldivdf3.o)
                0x00000000080006c8                __aeabi_dmul
                0x00000000080006c8                __muldf3
                0x000000000800091c                __aeabi_ddiv
                0x000000000800091c                __divdf3
 .text          0x0000000008000aec       0xa0 /opt/st/stm32cube/plugins/com.st.stm32cube.ide.mcu.externaltools.gnu-tools-for-stm32.10.3-2021.10.linux64_1.0.0.202111181127/tools/bin/../lib/gcc/arm-none-eabi/10.3.1/thumb/v7e-m+fp/hard/libgcc.a(_arm_truncdfsf2.o)
                0x0000000008000aec                __aeabi_d2f
                0x0000000008000aec                __truncdfsf2
 .text          0x0000000008000b8c       0x30 /opt/st/stm32cube/plugins/com.st.stm32cube.ide.mcu.externaltools.gnu-tools-for-stm32.10.3-2021.10.linux64_1.0.0.202111181127/tools/bin/../lib/gcc/arm-none-eabi/10.3.1/thumb/v7e-m+fp/hard/libgcc.a(_aeabi_uldivmod.o)
                0x0000000008000b8c                __aeabi_uldivmod
 .text          0x0000000008000bbc      0x2d0 /opt/st/stm32cube/plugins/com.st.stm32cube.ide.mcu.externaltools.gnu-tools-for-stm32.10.3-2021.10.linux64_1.0.0.202111181127/tools/bin/../lib/gcc/arm-none-eabi/10.3.1/thumb/v7e-m+fp/hard/libgcc.a(_udivmoddi4.o)
                0x0000000008000bbc                __udivmoddi4
 .text          0x0000000008000e8c        0x4 /opt/st/stm32cube/plugins/com.st.stm32cube.ide.mcu.externaltools.gnu-tools-for-stm32.10.3-2021.10.linux64_1.0.0.202111181127/tools/bin/../lib/gcc/arm-none-eabi/10.3.1/thumb/v7e-m+fp/hard/libgcc.a(_dvmd_tls.o)
                0x0000000008000e8c                __aeabi_ldiv0
                0x0000000008000e8c                __aeabi_idiv0
 *(.text*)
 .text.FreeRTOS_CLIRegisterCommand
                0x0000000008000e90       0x88 ./Core/Src/FreeRTOS_CLI.o
                0x0000000008000e90                FreeRTOS_CLIRegisterCommand
 .text.FreeRTOS_CLIProcessCommand
                0x0000000008000f18      0x10c ./Core/Src/FreeRTOS_CLI.o
                0x0000000008000f18                FreeRTOS_CLIProcessCommand
 .text.FreeRTOS_CLIGetParameter
                0x0000000008001024       0xb2 ./Core/Src/FreeRTOS_CLI.o
                0x0000000008001024                FreeRTOS_CLIGetParameter
 *fill*         0x00000000080010d6        0x2 
 .text.prvHelpCommand
                0x00000000080010d8       0x5c ./Core/Src/FreeRTOS_CLI.o
 .text.prvGetNumberOfParameters
                0x0000000008001134       0x66 ./Core/Src/FreeRTOS_CLI.o
 .text.task_led
                0x000000000800119a       0x28 ./Core/Src/main.o
                0x000000000800119a                task_led
 *fill*         0x00000000080011c2        0x6 
 .text.task_adc
                0x00000000080011c8      0x140 ./Core/Src/main.o
                0x00000000080011c8                task_adc
 .text.main     0x0000000008001308       0xa4 ./Core/Src/main.o
                0x0000000008001308                main
 .text.SystemClock_Config
                0x00000000080013ac       0xd8 ./Core/Src/main.o
                0x00000000080013ac                SystemClock_Config
 .text.MX_ADC1_Init
                0x0000000008001484       0xa4 ./Core/Src/main.o
 .text.MX_TIM2_Init
                0x0000000008001528       0x9c ./Core/Src/main.o
 .text.MX_TIM3_Init
                0x00000000080015c4       0xf0 ./Core/Src/main.o
 .text.MX_DMA_Init
                0x00000000080016b4       0x40 ./Core/Src/main.o
 .text.MX_GPIO_Init
                0x00000000080016f4       0xec ./Core/Src/main.o
 .text.prvTaskStatsCommand
                0x00000000080017e0       0x38 ./Core/Src/main.o
 .text.prvTaskStatsTexto
                0x0000000008001818       0x54 ./Core/Src/main.o
 .text.prvTaskStatsLed
                0x000000000800186c       0xc0 ./Core/Src/main.o
 .text.prvTaskStatsHarmonica
                0x000000000800192c       0x78 ./Core/Src/main.o
 .text.StartDefaultTask
                0x00000000080019a4       0x48 ./Core/Src/main.o
                0x00000000080019a4                StartDefaultTask
 .text.Error_Handler
                0x00000000080019ec        0xa ./Core/Src/main.o
                0x00000000080019ec                Error_Handler
 *fill*         0x00000000080019f6        0x2 
 .text.HAL_MspInit
                0x00000000080019f8       0x58 ./Core/Src/stm32f4xx_hal_msp.o
                0x00000000080019f8                HAL_MspInit
 .text.HAL_ADC_MspInit
                0x0000000008001a50       0xec ./Core/Src/stm32f4xx_hal_msp.o
                0x0000000008001a50                HAL_ADC_MspInit
 .text.HAL_TIM_Base_MspInit
                0x0000000008001b3c       0x6c ./Core/Src/stm32f4xx_hal_msp.o
                0x0000000008001b3c                HAL_TIM_Base_MspInit
 .text.HAL_TIM_MspPostInit
                0x0000000008001ba8       0x74 ./Core/Src/stm32f4xx_hal_msp.o
                0x0000000008001ba8                HAL_TIM_MspPostInit
 .text.NMI_Handler
                0x0000000008001c1c        0x6 ./Core/Src/stm32f4xx_it.o
                0x0000000008001c1c                NMI_Handler
 .text.HardFault_Handler
                0x0000000008001c22        0x6 ./Core/Src/stm32f4xx_it.o
                0x0000000008001c22                HardFault_Handler
 .text.MemManage_Handler
                0x0000000008001c28        0x6 ./Core/Src/stm32f4xx_it.o
                0x0000000008001c28                MemManage_Handler
 .text.BusFault_Handler
                0x0000000008001c2e        0x6 ./Core/Src/stm32f4xx_it.o
                0x0000000008001c2e                BusFault_Handler
 .text.UsageFault_Handler
                0x0000000008001c34        0x6 ./Core/Src/stm32f4xx_it.o
                0x0000000008001c34                UsageFault_Handler
 .text.DebugMon_Handler
                0x0000000008001c3a        0xe ./Core/Src/stm32f4xx_it.o
                0x0000000008001c3a                DebugMon_Handler
 .text.SysTick_Handler
                0x0000000008001c48       0x1a ./Core/Src/stm32f4xx_it.o
                0x0000000008001c48                SysTick_Handler
 *fill*         0x0000000008001c62        0x2 
 .text.DMA2_Stream0_IRQHandler
                0x0000000008001c64       0x14 ./Core/Src/stm32f4xx_it.o
                0x0000000008001c64                DMA2_Stream0_IRQHandler
 .text.OTG_FS_IRQHandler
                0x0000000008001c78       0x14 ./Core/Src/stm32f4xx_it.o
                0x0000000008001c78                OTG_FS_IRQHandler
 .text._sbrk    0x0000000008001c8c       0x6c ./Core/Src/sysmem.o
                0x0000000008001c8c                _sbrk
 .text.SystemInit
                0x0000000008001cf8       0x24 ./Core/Src/system_stm32f4xx.o
                0x0000000008001cf8                SystemInit
 .text.Reset_Handler
                0x0000000008001d1c       0x50 ./Core/Startup/startup_stm32f401cdux.o
                0x0000000008001d1c                Reset_Handler
 .text.Default_Handler
                0x0000000008001d6c        0x2 ./Core/Startup/startup_stm32f401cdux.o
                0x0000000008001d6c                RTC_Alarm_IRQHandler
                0x0000000008001d6c                EXTI2_IRQHandler
                0x0000000008001d6c                SPI4_IRQHandler
                0x0000000008001d6c                TIM1_CC_IRQHandler
                0x0000000008001d6c                DMA2_Stream5_IRQHandler
                0x0000000008001d6c                DMA1_Stream5_IRQHandler
                0x0000000008001d6c                PVD_IRQHandler
                0x0000000008001d6c                SDIO_IRQHandler
                0x0000000008001d6c                TAMP_STAMP_IRQHandler
                0x0000000008001d6c                EXTI3_IRQHandler
                0x0000000008001d6c                TIM1_UP_TIM10_IRQHandler
                0x0000000008001d6c                I2C3_ER_IRQHandler
                0x0000000008001d6c                EXTI0_IRQHandler
                0x0000000008001d6c                I2C2_EV_IRQHandler
                0x0000000008001d6c                DMA1_Stream2_IRQHandler
                0x0000000008001d6c                FPU_IRQHandler
                0x0000000008001d6c                DMA2_Stream2_IRQHandler
                0x0000000008001d6c                SPI1_IRQHandler
                0x0000000008001d6c                TIM1_BRK_TIM9_IRQHandler
                0x0000000008001d6c                DMA2_Stream3_IRQHandler
                0x0000000008001d6c                USART6_IRQHandler
                0x0000000008001d6c                TIM4_IRQHandler
                0x0000000008001d6c                I2C1_EV_IRQHandler
                0x0000000008001d6c                DMA1_Stream6_IRQHandler
                0x0000000008001d6c                DMA1_Stream1_IRQHandler
                0x0000000008001d6c                TIM3_IRQHandler
                0x0000000008001d6c                RCC_IRQHandler
                0x0000000008001d6c                Default_Handler
                0x0000000008001d6c                EXTI15_10_IRQHandler
                0x0000000008001d6c                ADC_IRQHandler
                0x0000000008001d6c                DMA1_Stream7_IRQHandler
                0x0000000008001d6c                TIM5_IRQHandler
                0x0000000008001d6c                DMA2_Stream7_IRQHandler
                0x0000000008001d6c                I2C3_EV_IRQHandler
                0x0000000008001d6c                EXTI9_5_IRQHandler
                0x0000000008001d6c                RTC_WKUP_IRQHandler
                0x0000000008001d6c                SPI2_IRQHandler
                0x0000000008001d6c                DMA1_Stream0_IRQHandler
                0x0000000008001d6c                EXTI4_IRQHandler
                0x0000000008001d6c                WWDG_IRQHandler
                0x0000000008001d6c                TIM2_IRQHandler
                0x0000000008001d6c                OTG_FS_WKUP_IRQHandler
                0x0000000008001d6c                TIM1_TRG_COM_TIM11_IRQHandler
                0x0000000008001d6c                EXTI1_IRQHandler
                0x0000000008001d6c                USART2_IRQHandler
                0x0000000008001d6c                I2C2_ER_IRQHandler
                0x0000000008001d6c                DMA2_Stream1_IRQHandler
                0x0000000008001d6c                FLASH_IRQHandler
                0x0000000008001d6c                DMA2_Stream4_IRQHandler
                0x0000000008001d6c                USART1_IRQHandler
                0x0000000008001d6c                SPI3_IRQHandler
                0x0000000008001d6c                DMA1_Stream4_IRQHandler
                0x0000000008001d6c                I2C1_ER_IRQHandler
                0x0000000008001d6c                DMA2_Stream6_IRQHandler
                0x0000000008001d6c                DMA1_Stream3_IRQHandler
 *fill*         0x0000000008001d6e        0x2 
 .text.HAL_Init
                0x0000000008001d70       0x44 ./Drivers/STM32F4xx_HAL_Driver/Src/stm32f4xx_hal.o
                0x0000000008001d70                HAL_Init
 .text.HAL_InitTick
                0x0000000008001db4       0x60 ./Drivers/STM32F4xx_HAL_Driver/Src/stm32f4xx_hal.o
                0x0000000008001db4                HAL_InitTick
 .text.HAL_IncTick
                0x0000000008001e14       0x28 ./Drivers/STM32F4xx_HAL_Driver/Src/stm32f4xx_hal.o
                0x0000000008001e14                HAL_IncTick
 .text.HAL_GetTick
                0x0000000008001e3c       0x18 ./Drivers/STM32F4xx_HAL_Driver/Src/stm32f4xx_hal.o
                0x0000000008001e3c                HAL_GetTick
 .text.HAL_Delay
                0x0000000008001e54       0x48 ./Drivers/STM32F4xx_HAL_Driver/Src/stm32f4xx_hal.o
                0x0000000008001e54                HAL_Delay
 .text.HAL_ADC_Init
                0x0000000008001e9c       0x86 ./Drivers/STM32F4xx_HAL_Driver/Src/stm32f4xx_hal_adc.o
                0x0000000008001e9c                HAL_ADC_Init
 *fill*         0x0000000008001f22        0x2 
 .text.HAL_ADC_Start_DMA
                0x0000000008001f24      0x1e0 ./Drivers/STM32F4xx_HAL_Driver/Src/stm32f4xx_hal_adc.o
                0x0000000008001f24                HAL_ADC_Start_DMA
 .text.HAL_ADC_ConvCpltCallback
                0x0000000008002104       0x14 ./Drivers/STM32F4xx_HAL_Driver/Src/stm32f4xx_hal_adc.o
                0x0000000008002104                HAL_ADC_ConvCpltCallback
 .text.HAL_ADC_ConvHalfCpltCallback
                0x0000000008002118       0x14 ./Drivers/STM32F4xx_HAL_Driver/Src/stm32f4xx_hal_adc.o
                0x0000000008002118                HAL_ADC_ConvHalfCpltCallback
 .text.HAL_ADC_ErrorCallback
                0x000000000800212c       0x14 ./Drivers/STM32F4xx_HAL_Driver/Src/stm32f4xx_hal_adc.o
                0x000000000800212c                HAL_ADC_ErrorCallback
 .text.HAL_ADC_ConfigChannel
                0x0000000008002140      0x244 ./Drivers/STM32F4xx_HAL_Driver/Src/stm32f4xx_hal_adc.o
                0x0000000008002140                HAL_ADC_ConfigChannel
 .text.ADC_Init
                0x0000000008002384      0x1f8 ./Drivers/STM32F4xx_HAL_Driver/Src/stm32f4xx_hal_adc.o
 .text.ADC_DMAConvCplt
                0x000000000800257c       0xba ./Drivers/STM32F4xx_HAL_Driver/Src/stm32f4xx_hal_adc.o
 .text.ADC_DMAHalfConvCplt
                0x0000000008002636       0x1c ./Drivers/STM32F4xx_HAL_Driver/Src/stm32f4xx_hal_adc.o
 .text.ADC_DMAError
                0x0000000008002652       0x2e ./Drivers/STM32F4xx_HAL_Driver/Src/stm32f4xx_hal_adc.o
 .text.__NVIC_SetPriorityGrouping
                0x0000000008002680       0x48 ./Drivers/STM32F4xx_HAL_Driver/Src/stm32f4xx_hal_cortex.o
 .text.__NVIC_GetPriorityGrouping
                0x00000000080026c8       0x1c ./Drivers/STM32F4xx_HAL_Driver/Src/stm32f4xx_hal_cortex.o
 .text.__NVIC_EnableIRQ
                0x00000000080026e4       0x3c ./Drivers/STM32F4xx_HAL_Driver/Src/stm32f4xx_hal_cortex.o
 .text.__NVIC_SetPriority
                0x0000000008002720       0x54 ./Drivers/STM32F4xx_HAL_Driver/Src/stm32f4xx_hal_cortex.o
 .text.NVIC_EncodePriority
                0x0000000008002774       0x66 ./Drivers/STM32F4xx_HAL_Driver/Src/stm32f4xx_hal_cortex.o
 *fill*         0x00000000080027da        0x2 
 .text.SysTick_Config
                0x00000000080027dc       0x44 ./Drivers/STM32F4xx_HAL_Driver/Src/stm32f4xx_hal_cortex.o
 .text.HAL_NVIC_SetPriorityGrouping
                0x0000000008002820       0x16 ./Drivers/STM32F4xx_HAL_Driver/Src/stm32f4xx_hal_cortex.o
                0x0000000008002820                HAL_NVIC_SetPriorityGrouping
 .text.HAL_NVIC_SetPriority
                0x0000000008002836       0x38 ./Drivers/STM32F4xx_HAL_Driver/Src/stm32f4xx_hal_cortex.o
                0x0000000008002836                HAL_NVIC_SetPriority
 .text.HAL_NVIC_EnableIRQ
                0x000000000800286e       0x1c ./Drivers/STM32F4xx_HAL_Driver/Src/stm32f4xx_hal_cortex.o
                0x000000000800286e                HAL_NVIC_EnableIRQ
 .text.HAL_SYSTICK_Config
                0x000000000800288a       0x18 ./Drivers/STM32F4xx_HAL_Driver/Src/stm32f4xx_hal_cortex.o
                0x000000000800288a                HAL_SYSTICK_Config
 *fill*         0x00000000080028a2        0x2 
 .text.HAL_DMA_Init
                0x00000000080028a4      0x15c ./Drivers/STM32F4xx_HAL_Driver/Src/stm32f4xx_hal_dma.o
                0x00000000080028a4                HAL_DMA_Init
 .text.HAL_DMA_Start_IT
                0x0000000008002a00       0xb0 ./Drivers/STM32F4xx_HAL_Driver/Src/stm32f4xx_hal_dma.o
                0x0000000008002a00                HAL_DMA_Start_IT
 .text.HAL_DMA_IRQHandler
                0x0000000008002ab0      0x314 ./Drivers/STM32F4xx_HAL_Driver/Src/stm32f4xx_hal_dma.o
                0x0000000008002ab0                HAL_DMA_IRQHandler
 .text.DMA_SetConfig
                0x0000000008002dc4       0x5c ./Drivers/STM32F4xx_HAL_Driver/Src/stm32f4xx_hal_dma.o
 .text.DMA_CalcBaseAndBitshift
                0x0000000008002e20       0x6c ./Drivers/STM32F4xx_HAL_Driver/Src/stm32f4xx_hal_dma.o
 .text.DMA_CheckFifoParam
                0x0000000008002e8c       0xf8 ./Drivers/STM32F4xx_HAL_Driver/Src/stm32f4xx_hal_dma.o
 .text.HAL_GPIO_Init
                0x0000000008002f84      0x308 ./Drivers/STM32F4xx_HAL_Driver/Src/stm32f4xx_hal_gpio.o
                0x0000000008002f84                HAL_GPIO_Init
 .text.HAL_GPIO_WritePin
                0x000000000800328c       0x32 ./Drivers/STM32F4xx_HAL_Driver/Src/stm32f4xx_hal_gpio.o
                0x000000000800328c                HAL_GPIO_WritePin
 .text.HAL_GPIO_TogglePin
                0x00000000080032be       0x34 ./Drivers/STM32F4xx_HAL_Driver/Src/stm32f4xx_hal_gpio.o
                0x00000000080032be                HAL_GPIO_TogglePin
 .text.HAL_PCD_Init
                0x00000000080032f2      0x23a ./Drivers/STM32F4xx_HAL_Driver/Src/stm32f4xx_hal_pcd.o
                0x00000000080032f2                HAL_PCD_Init
 .text.HAL_PCD_Start
                0x000000000800352c       0x66 ./Drivers/STM32F4xx_HAL_Driver/Src/stm32f4xx_hal_pcd.o
                0x000000000800352c                HAL_PCD_Start
 .text.HAL_PCD_IRQHandler
                0x0000000008003592      0x93e ./Drivers/STM32F4xx_HAL_Driver/Src/stm32f4xx_hal_pcd.o
                0x0000000008003592                HAL_PCD_IRQHandler
 .text.HAL_PCD_SetAddress
                0x0000000008003ed0       0x4a ./Drivers/STM32F4xx_HAL_Driver/Src/stm32f4xx_hal_pcd.o
                0x0000000008003ed0                HAL_PCD_SetAddress
 .text.HAL_PCD_EP_Open
                0x0000000008003f1a       0xd0 ./Drivers/STM32F4xx_HAL_Driver/Src/stm32f4xx_hal_pcd.o
                0x0000000008003f1a                HAL_PCD_EP_Open
 .text.HAL_PCD_EP_Close
                0x0000000008003fea       0x94 ./Drivers/STM32F4xx_HAL_Driver/Src/stm32f4xx_hal_pcd.o
                0x0000000008003fea                HAL_PCD_EP_Close
 .text.HAL_PCD_EP_Receive
                0x000000000800407e       0x96 ./Drivers/STM32F4xx_HAL_Driver/Src/stm32f4xx_hal_pcd.o
                0x000000000800407e                HAL_PCD_EP_Receive
 .text.HAL_PCD_EP_GetRxCount
                0x0000000008004114       0x30 ./Drivers/STM32F4xx_HAL_Driver/Src/stm32f4xx_hal_pcd.o
                0x0000000008004114                HAL_PCD_EP_GetRxCount
 .text.HAL_PCD_EP_Transmit
                0x0000000008004144       0x94 ./Drivers/STM32F4xx_HAL_Driver/Src/stm32f4xx_hal_pcd.o
                0x0000000008004144                HAL_PCD_EP_Transmit
 .text.HAL_PCD_EP_SetStall
                0x00000000080041d8       0xc8 ./Drivers/STM32F4xx_HAL_Driver/Src/stm32f4xx_hal_pcd.o
                0x00000000080041d8                HAL_PCD_EP_SetStall
 .text.HAL_PCD_EP_ClrStall
                0x00000000080042a0       0xac ./Drivers/STM32F4xx_HAL_Driver/Src/stm32f4xx_hal_pcd.o
                0x00000000080042a0                HAL_PCD_EP_ClrStall
 .text.HAL_PCD_EP_Abort
                0x000000000800434c       0x62 ./Drivers/STM32F4xx_HAL_Driver/Src/stm32f4xx_hal_pcd.o
                0x000000000800434c                HAL_PCD_EP_Abort
 .text.PCD_WriteEmptyTxFifo
                0x00000000080043ae      0x11a ./Drivers/STM32F4xx_HAL_Driver/Src/stm32f4xx_hal_pcd.o
 .text.PCD_EP_OutXfrComplete_int
                0x00000000080044c8      0x1d0 ./Drivers/STM32F4xx_HAL_Driver/Src/stm32f4xx_hal_pcd.o
 .text.PCD_EP_OutSetupPacket_int
                0x0000000008004698       0x8c ./Drivers/STM32F4xx_HAL_Driver/Src/stm32f4xx_hal_pcd.o
 .text.HAL_PCDEx_SetTxFiFo
                0x0000000008004724       0x8e ./Drivers/STM32F4xx_HAL_Driver/Src/stm32f4xx_hal_pcd_ex.o
                0x0000000008004724                HAL_PCDEx_SetTxFiFo
 .text.HAL_PCDEx_SetRxFiFo
                0x00000000080047b2       0x22 ./Drivers/STM32F4xx_HAL_Driver/Src/stm32f4xx_hal_pcd_ex.o
                0x00000000080047b2                HAL_PCDEx_SetRxFiFo
 .text.HAL_PCDEx_LPM_Callback
                0x00000000080047d4       0x18 ./Drivers/STM32F4xx_HAL_Driver/Src/stm32f4xx_hal_pcd_ex.o
                0x00000000080047d4                HAL_PCDEx_LPM_Callback
 .text.HAL_RCC_OscConfig
                0x00000000080047ec      0x4f0 ./Drivers/STM32F4xx_HAL_Driver/Src/stm32f4xx_hal_rcc.o
                0x00000000080047ec                HAL_RCC_OscConfig
 .text.HAL_RCC_ClockConfig
                0x0000000008004cdc      0x1cc ./Drivers/STM32F4xx_HAL_Driver/Src/stm32f4xx_hal_rcc.o
                0x0000000008004cdc                HAL_RCC_ClockConfig
 .text.HAL_RCC_GetSysClockFreq
                0x0000000008004ea8      0x18c ./Drivers/STM32F4xx_HAL_Driver/Src/stm32f4xx_hal_rcc.o
                0x0000000008004ea8                HAL_RCC_GetSysClockFreq
 .text.HAL_RCC_GetHCLKFreq
                0x0000000008005034       0x18 ./Drivers/STM32F4xx_HAL_Driver/Src/stm32f4xx_hal_rcc.o
                0x0000000008005034                HAL_RCC_GetHCLKFreq
 .text.HAL_TIM_Base_Init
                0x000000000800504c       0x9e ./Drivers/STM32F4xx_HAL_Driver/Src/stm32f4xx_hal_tim.o
                0x000000000800504c                HAL_TIM_Base_Init
 *fill*         0x00000000080050ea        0x2 
 .text.HAL_TIM_Base_Start
                0x00000000080050ec       0xb4 ./Drivers/STM32F4xx_HAL_Driver/Src/stm32f4xx_hal_tim.o
                0x00000000080050ec                HAL_TIM_Base_Start
 .text.HAL_TIM_PWM_Init
                0x00000000080051a0       0x9e ./Drivers/STM32F4xx_HAL_Driver/Src/stm32f4xx_hal_tim.o
                0x00000000080051a0                HAL_TIM_PWM_Init
 .text.HAL_TIM_PWM_MspInit
                0x000000000800523e       0x14 ./Drivers/STM32F4xx_HAL_Driver/Src/stm32f4xx_hal_tim.o
                0x000000000800523e                HAL_TIM_PWM_MspInit
 *fill*         0x0000000008005252        0x2 
 .text.HAL_TIM_PWM_Start
                0x0000000008005254      0x160 ./Drivers/STM32F4xx_HAL_Driver/Src/stm32f4xx_hal_tim.o
                0x0000000008005254                HAL_TIM_PWM_Start
 .text.HAL_TIM_PWM_Stop
                0x00000000080053b4       0xc8 ./Drivers/STM32F4xx_HAL_Driver/Src/stm32f4xx_hal_tim.o
                0x00000000080053b4                HAL_TIM_PWM_Stop
 .text.HAL_TIM_PWM_ConfigChannel
                0x000000000800547c      0x184 ./Drivers/STM32F4xx_HAL_Driver/Src/stm32f4xx_hal_tim.o
                0x000000000800547c                HAL_TIM_PWM_ConfigChannel
 .text.HAL_TIM_ConfigClockSource
                0x0000000008005600      0x18e ./Drivers/STM32F4xx_HAL_Driver/Src/stm32f4xx_hal_tim.o
                0x0000000008005600                HAL_TIM_ConfigClockSource
 *fill*         0x000000000800578e        0x2 
 .text.TIM_Base_SetConfig
                0x0000000008005790      0x100 ./Drivers/STM32F4xx_HAL_Driver/Src/stm32f4xx_hal_tim.o
                0x0000000008005790                TIM_Base_SetConfig
 .text.TIM_OC1_SetConfig
                0x0000000008005890       0xcc ./Drivers/STM32F4xx_HAL_Driver/Src/stm32f4xx_hal_tim.o
 .text.TIM_OC2_SetConfig
                0x000000000800595c       0xd8 ./Drivers/STM32F4xx_HAL_Driver/Src/stm32f4xx_hal_tim.o
                0x000000000800595c                TIM_OC2_SetConfig
 .text.TIM_OC3_SetConfig
                0x0000000008005a34       0xd4 ./Drivers/STM32F4xx_HAL_Driver/Src/stm32f4xx_hal_tim.o
 .text.TIM_OC4_SetConfig
                0x0000000008005b08       0xa0 ./Drivers/STM32F4xx_HAL_Driver/Src/stm32f4xx_hal_tim.o
 .text.TIM_TI1_ConfigInputStage
                0x0000000008005ba8       0x5e ./Drivers/STM32F4xx_HAL_Driver/Src/stm32f4xx_hal_tim.o
 .text.TIM_TI2_ConfigInputStage
                0x0000000008005c06       0x60 ./Drivers/STM32F4xx_HAL_Driver/Src/stm32f4xx_hal_tim.o
 .text.TIM_ITRx_SetConfig
                0x0000000008005c66       0x36 ./Drivers/STM32F4xx_HAL_Driver/Src/stm32f4xx_hal_tim.o
 .text.TIM_ETR_SetConfig
                0x0000000008005c9c       0x40 ./Drivers/STM32F4xx_HAL_Driver/Src/stm32f4xx_hal_tim.o
                0x0000000008005c9c                TIM_ETR_SetConfig
 .text.TIM_CCxChannelCmd
                0x0000000008005cdc       0x4a ./Drivers/STM32F4xx_HAL_Driver/Src/stm32f4xx_hal_tim.o
                0x0000000008005cdc                TIM_CCxChannelCmd
 *fill*         0x0000000008005d26        0x2 
 .text.HAL_TIMEx_MasterConfigSynchronization
                0x0000000008005d28       0xdc ./Drivers/STM32F4xx_HAL_Driver/Src/stm32f4xx_hal_tim_ex.o
                0x0000000008005d28                HAL_TIMEx_MasterConfigSynchronization
 .text.USB_CoreInit
                0x0000000008005e04       0xc2 ./Drivers/STM32F4xx_HAL_Driver/Src/stm32f4xx_ll_usb.o
                0x0000000008005e04                USB_CoreInit
 *fill*         0x0000000008005ec6        0x2 
 .text.USB_SetTurnaroundTime
                0x0000000008005ec8      0x144 ./Drivers/STM32F4xx_HAL_Driver/Src/stm32f4xx_ll_usb.o
                0x0000000008005ec8                USB_SetTurnaroundTime
 .text.USB_EnableGlobalInt
                0x000000000800600c       0x22 ./Drivers/STM32F4xx_HAL_Driver/Src/stm32f4xx_ll_usb.o
                0x000000000800600c                USB_EnableGlobalInt
 .text.USB_DisableGlobalInt
                0x000000000800602e       0x22 ./Drivers/STM32F4xx_HAL_Driver/Src/stm32f4xx_ll_usb.o
                0x000000000800602e                USB_DisableGlobalInt
 .text.USB_SetCurrentMode
                0x0000000008006050       0x98 ./Drivers/STM32F4xx_HAL_Driver/Src/stm32f4xx_ll_usb.o
                0x0000000008006050                USB_SetCurrentMode
 .text.USB_DevInit
                0x00000000080060e8      0x2c8 ./Drivers/STM32F4xx_HAL_Driver/Src/stm32f4xx_ll_usb.o
                0x00000000080060e8                USB_DevInit
 .text.USB_FlushTxFifo
                0x00000000080063b0       0x68 ./Drivers/STM32F4xx_HAL_Driver/Src/stm32f4xx_ll_usb.o
                0x00000000080063b0                USB_FlushTxFifo
 .text.USB_FlushRxFifo
                0x0000000008006418       0x60 ./Drivers/STM32F4xx_HAL_Driver/Src/stm32f4xx_ll_usb.o
                0x0000000008006418                USB_FlushRxFifo
 .text.USB_SetDevSpeed
                0x0000000008006478       0x32 ./Drivers/STM32F4xx_HAL_Driver/Src/stm32f4xx_ll_usb.o
                0x0000000008006478                USB_SetDevSpeed
 .text.USB_GetDevSpeed
                0x00000000080064aa       0x4a ./Drivers/STM32F4xx_HAL_Driver/Src/stm32f4xx_ll_usb.o
                0x00000000080064aa                USB_GetDevSpeed
 .text.USB_ActivateEndpoint
                0x00000000080064f4      0x10e ./Drivers/STM32F4xx_HAL_Driver/Src/stm32f4xx_ll_usb.o
                0x00000000080064f4                USB_ActivateEndpoint
 *fill*         0x0000000008006602        0x2 
 .text.USB_DeactivateEndpoint
                0x0000000008006604      0x1b8 ./Drivers/STM32F4xx_HAL_Driver/Src/stm32f4xx_ll_usb.o
                0x0000000008006604                USB_DeactivateEndpoint
 .text.USB_EPStartXfer
                0x00000000080067bc      0x490 ./Drivers/STM32F4xx_HAL_Driver/Src/stm32f4xx_ll_usb.o
                0x00000000080067bc                USB_EPStartXfer
 .text.USB_EP0StartXfer
                0x0000000008006c4c      0x2b0 ./Drivers/STM32F4xx_HAL_Driver/Src/stm32f4xx_ll_usb.o
                0x0000000008006c4c                USB_EP0StartXfer
 .text.USB_EPStopXfer
                0x0000000008006efc      0x154 ./Drivers/STM32F4xx_HAL_Driver/Src/stm32f4xx_ll_usb.o
                0x0000000008006efc                USB_EPStopXfer
 .text.USB_WritePacket
                0x0000000008007050       0x7c ./Drivers/STM32F4xx_HAL_Driver/Src/stm32f4xx_ll_usb.o
                0x0000000008007050                USB_WritePacket
 .text.USB_ReadPacket
                0x00000000080070cc       0xb0 ./Drivers/STM32F4xx_HAL_Driver/Src/stm32f4xx_ll_usb.o
                0x00000000080070cc                USB_ReadPacket
 .text.USB_EPSetStall
                0x000000000800717c       0xdc ./Drivers/STM32F4xx_HAL_Driver/Src/stm32f4xx_ll_usb.o
                0x000000000800717c                USB_EPSetStall
 .text.USB_EPClearStall
                0x0000000008007258       0xcc ./Drivers/STM32F4xx_HAL_Driver/Src/stm32f4xx_ll_usb.o
                0x0000000008007258                USB_EPClearStall
 .text.USB_SetDevAddress
                0x0000000008007324       0x4c ./Drivers/STM32F4xx_HAL_Driver/Src/stm32f4xx_ll_usb.o
                0x0000000008007324                USB_SetDevAddress
 .text.USB_DevConnect
                0x0000000008007370       0x42 ./Drivers/STM32F4xx_HAL_Driver/Src/stm32f4xx_ll_usb.o
                0x0000000008007370                USB_DevConnect
 .text.USB_DevDisconnect
                0x00000000080073b2       0x42 ./Drivers/STM32F4xx_HAL_Driver/Src/stm32f4xx_ll_usb.o
                0x00000000080073b2                USB_DevDisconnect
 .text.USB_ReadInterrupts
                0x00000000080073f4       0x26 ./Drivers/STM32F4xx_HAL_Driver/Src/stm32f4xx_ll_usb.o
                0x00000000080073f4                USB_ReadInterrupts
 .text.USB_ReadDevAllOutEpInterrupt
                0x000000000800741a       0x34 ./Drivers/STM32F4xx_HAL_Driver/Src/stm32f4xx_ll_usb.o
                0x000000000800741a                USB_ReadDevAllOutEpInterrupt
 .text.USB_ReadDevAllInEpInterrupt
                0x000000000800744e       0x34 ./Drivers/STM32F4xx_HAL_Driver/Src/stm32f4xx_ll_usb.o
                0x000000000800744e                USB_ReadDevAllInEpInterrupt
 .text.USB_ReadDevOutEPInterrupt
                0x0000000008007482       0x3c ./Drivers/STM32F4xx_HAL_Driver/Src/stm32f4xx_ll_usb.o
                0x0000000008007482                USB_ReadDevOutEPInterrupt
 .text.USB_ReadDevInEPInterrupt
                0x00000000080074be       0x5c ./Drivers/STM32F4xx_HAL_Driver/Src/stm32f4xx_ll_usb.o
                0x00000000080074be                USB_ReadDevInEPInterrupt
 .text.USB_GetMode
                0x000000000800751a       0x1c ./Drivers/STM32F4xx_HAL_Driver/Src/stm32f4xx_ll_usb.o
                0x000000000800751a                USB_GetMode
 .text.USB_ActivateSetup
                0x0000000008007536       0x46 ./Drivers/STM32F4xx_HAL_Driver/Src/stm32f4xx_ll_usb.o
                0x0000000008007536                USB_ActivateSetup
 .text.USB_EP0_OutStart
                0x000000000800757c       0xbc ./Drivers/STM32F4xx_HAL_Driver/Src/stm32f4xx_ll_usb.o
                0x000000000800757c                USB_EP0_OutStart
 .text.USB_CoreReset
                0x0000000008007638       0x68 ./Drivers/STM32F4xx_HAL_Driver/Src/stm32f4xx_ll_usb.o
 .text.USBD_CDC_Init
                0x00000000080076a0      0x1f0 ./Middlewares/ST/STM32_USB_Device_Library/Class/CDC/Src/usbd_cdc.o
 .text.USBD_CDC_DeInit
                0x0000000008007890      0x104 ./Middlewares/ST/STM32_USB_Device_Library/Class/CDC/Src/usbd_cdc.o
 .text.USBD_CDC_Setup
                0x0000000008007994      0x1b8 ./Middlewares/ST/STM32_USB_Device_Library/Class/CDC/Src/usbd_cdc.o
 .text.USBD_CDC_DataIn
                0x0000000008007b4c       0xfe ./Middlewares/ST/STM32_USB_Device_Library/Class/CDC/Src/usbd_cdc.o
 .text.USBD_CDC_DataOut
                0x0000000008007c4a       0x70 ./Middlewares/ST/STM32_USB_Device_Library/Class/CDC/Src/usbd_cdc.o
 .text.USBD_CDC_EP0_RxReady
                0x0000000008007cba       0x76 ./Middlewares/ST/STM32_USB_Device_Library/Class/CDC/Src/usbd_cdc.o
 .text.USBD_CDC_GetFSCfgDesc
                0x0000000008007d30       0x70 ./Middlewares/ST/STM32_USB_Device_Library/Class/CDC/Src/usbd_cdc.o
 .text.USBD_CDC_GetHSCfgDesc
                0x0000000008007da0       0x70 ./Middlewares/ST/STM32_USB_Device_Library/Class/CDC/Src/usbd_cdc.o
 .text.USBD_CDC_GetOtherSpeedCfgDesc
                0x0000000008007e10       0x70 ./Middlewares/ST/STM32_USB_Device_Library/Class/CDC/Src/usbd_cdc.o
 .text.USBD_CDC_GetDeviceQualifierDescriptor
                0x0000000008007e80       0x20 ./Middlewares/ST/STM32_USB_Device_Library/Class/CDC/Src/usbd_cdc.o
                0x0000000008007e80                USBD_CDC_GetDeviceQualifierDescriptor
 .text.USBD_CDC_RegisterInterface
                0x0000000008007ea0       0x34 ./Middlewares/ST/STM32_USB_Device_Library/Class/CDC/Src/usbd_cdc.o
                0x0000000008007ea0                USBD_CDC_RegisterInterface
 .text.USBD_CDC_SetTxBuffer
                0x0000000008007ed4       0x44 ./Middlewares/ST/STM32_USB_Device_Library/Class/CDC/Src/usbd_cdc.o
                0x0000000008007ed4                USBD_CDC_SetTxBuffer
 .text.USBD_CDC_SetRxBuffer
                0x0000000008007f18       0x3a ./Middlewares/ST/STM32_USB_Device_Library/Class/CDC/Src/usbd_cdc.o
                0x0000000008007f18                USBD_CDC_SetRxBuffer
 *fill*         0x0000000008007f52        0x2 
 .text.USBD_CDC_TransmitPacket
                0x0000000008007f54       0x8c ./Middlewares/ST/STM32_USB_Device_Library/Class/CDC/Src/usbd_cdc.o
                0x0000000008007f54                USBD_CDC_TransmitPacket
 .text.USBD_CDC_ReceivePacket
                0x0000000008007fe0       0x6c ./Middlewares/ST/STM32_USB_Device_Library/Class/CDC/Src/usbd_cdc.o
                0x0000000008007fe0                USBD_CDC_ReceivePacket
 .text.USBD_Init
                0x000000000800804c       0x60 ./Middlewares/ST/STM32_USB_Device_Library/Core/Src/usbd_core.o
                0x000000000800804c                USBD_Init
 .text.USBD_RegisterClass
                0x00000000080080ac       0x6c ./Middlewares/ST/STM32_USB_Device_Library/Core/Src/usbd_core.o
                0x00000000080080ac                USBD_RegisterClass
 .text.USBD_Start
                0x0000000008008118       0x18 ./Middlewares/ST/STM32_USB_Device_Library/Core/Src/usbd_core.o
                0x0000000008008118                USBD_Start
 .text.USBD_RunTestMode
                0x0000000008008130       0x16 ./Middlewares/ST/STM32_USB_Device_Library/Core/Src/usbd_core.o
                0x0000000008008130                USBD_RunTestMode
 .text.USBD_SetClassConfig
                0x0000000008008146       0x38 ./Middlewares/ST/STM32_USB_Device_Library/Core/Src/usbd_core.o
                0x0000000008008146                USBD_SetClassConfig
 .text.USBD_ClrClassConfig
                0x000000000800817e       0x34 ./Middlewares/ST/STM32_USB_Device_Library/Core/Src/usbd_core.o
                0x000000000800817e                USBD_ClrClassConfig
 .text.USBD_LL_SetupStage
                0x00000000080081b2       0xaa ./Middlewares/ST/STM32_USB_Device_Library/Core/Src/usbd_core.o
                0x00000000080081b2                USBD_LL_SetupStage
 .text.USBD_LL_DataOutStage
                0x000000000800825c      0x166 ./Middlewares/ST/STM32_USB_Device_Library/Core/Src/usbd_core.o
                0x000000000800825c                USBD_LL_DataOutStage
 .text.USBD_LL_DataInStage
                0x00000000080083c2      0x164 ./Middlewares/ST/STM32_USB_Device_Library/Core/Src/usbd_core.o
                0x00000000080083c2                USBD_LL_DataInStage
 .text.USBD_LL_Reset
                0x0000000008008526       0xa4 ./Middlewares/ST/STM32_USB_Device_Library/Core/Src/usbd_core.o
                0x0000000008008526                USBD_LL_Reset
 .text.USBD_LL_SetSpeed
                0x00000000080085ca       0x20 ./Middlewares/ST/STM32_USB_Device_Library/Core/Src/usbd_core.o
                0x00000000080085ca                USBD_LL_SetSpeed
 .text.USBD_LL_Suspend
                0x00000000080085ea       0x2c ./Middlewares/ST/STM32_USB_Device_Library/Core/Src/usbd_core.o
                0x00000000080085ea                USBD_LL_Suspend
 .text.USBD_LL_Resume
                0x0000000008008616       0x30 ./Middlewares/ST/STM32_USB_Device_Library/Core/Src/usbd_core.o
                0x0000000008008616                USBD_LL_Resume
 .text.USBD_LL_SOF
                0x0000000008008646       0x40 ./Middlewares/ST/STM32_USB_Device_Library/Core/Src/usbd_core.o
                0x0000000008008646                USBD_LL_SOF
 .text.USBD_LL_IsoINIncomplete
                0x0000000008008686       0x64 ./Middlewares/ST/STM32_USB_Device_Library/Core/Src/usbd_core.o
                0x0000000008008686                USBD_LL_IsoINIncomplete
 .text.USBD_LL_IsoOUTIncomplete
                0x00000000080086ea       0x64 ./Middlewares/ST/STM32_USB_Device_Library/Core/Src/usbd_core.o
                0x00000000080086ea                USBD_LL_IsoOUTIncomplete
 .text.USBD_LL_DevConnected
                0x000000000800874e       0x16 ./Middlewares/ST/STM32_USB_Device_Library/Core/Src/usbd_core.o
                0x000000000800874e                USBD_LL_DevConnected
 .text.USBD_LL_DevDisconnected
                0x0000000008008764       0x46 ./Middlewares/ST/STM32_USB_Device_Library/Core/Src/usbd_core.o
                0x0000000008008764                USBD_LL_DevDisconnected
 .text.USBD_CoreFindIF
                0x00000000080087aa       0x1a ./Middlewares/ST/STM32_USB_Device_Library/Core/Src/usbd_core.o
                0x00000000080087aa                USBD_CoreFindIF
 .text.USBD_CoreFindEP
                0x00000000080087c4       0x1a ./Middlewares/ST/STM32_USB_Device_Library/Core/Src/usbd_core.o
                0x00000000080087c4                USBD_CoreFindEP
 .text.USBD_GetEpDesc
                0x00000000080087de       0x74 ./Middlewares/ST/STM32_USB_Device_Library/Core/Src/usbd_core.o
                0x00000000080087de                USBD_GetEpDesc
 .text.USBD_GetNextDesc
                0x0000000008008852       0x3a ./Middlewares/ST/STM32_USB_Device_Library/Core/Src/usbd_core.o
                0x0000000008008852                USBD_GetNextDesc
 .text.SWAPBYTE
                0x000000000800888c       0x3c ./Middlewares/ST/STM32_USB_Device_Library/Core/Src/usbd_ctlreq.o
 .text.USBD_StdDevReq
                0x00000000080088c8       0xe4 ./Middlewares/ST/STM32_USB_Device_Library/Core/Src/usbd_ctlreq.o
                0x00000000080088c8                USBD_StdDevReq
 .text.USBD_StdItfReq
                0x00000000080089ac       0xd8 ./Middlewares/ST/STM32_USB_Device_Library/Core/Src/usbd_ctlreq.o
                0x00000000080089ac                USBD_StdItfReq
 .text.USBD_StdEPReq
                0x0000000008008a84      0x33a ./Middlewares/ST/STM32_USB_Device_Library/Core/Src/usbd_ctlreq.o
                0x0000000008008a84                USBD_StdEPReq
 *fill*         0x0000000008008dbe        0x2 
 .text.USBD_GetDescriptor
                0x0000000008008dc0      0x2d4 ./Middlewares/ST/STM32_USB_Device_Library/Core/Src/usbd_ctlreq.o
 .text.USBD_SetAddress
                0x0000000008009094       0x88 ./Middlewares/ST/STM32_USB_Device_Library/Core/Src/usbd_ctlreq.o
 .text.USBD_SetConfig
                0x000000000800911c      0x154 ./Middlewares/ST/STM32_USB_Device_Library/Core/Src/usbd_ctlreq.o
 .text.USBD_GetConfig
                0x0000000008009270       0x6c ./Middlewares/ST/STM32_USB_Device_Library/Core/Src/usbd_ctlreq.o
 .text.USBD_GetStatus
                0x00000000080092dc       0x68 ./Middlewares/ST/STM32_USB_Device_Library/Core/Src/usbd_ctlreq.o
 .text.USBD_SetFeature
                0x0000000008009344       0x52 ./Middlewares/ST/STM32_USB_Device_Library/Core/Src/usbd_ctlreq.o
 .text.USBD_ClrFeature
                0x0000000008009396       0x44 ./Middlewares/ST/STM32_USB_Device_Library/Core/Src/usbd_ctlreq.o
 .text.USBD_ParseSetupRequest
                0x00000000080093da       0x74 ./Middlewares/ST/STM32_USB_Device_Library/Core/Src/usbd_ctlreq.o
                0x00000000080093da                USBD_ParseSetupRequest
 .text.USBD_CtlError
                0x000000000800944e       0x22 ./Middlewares/ST/STM32_USB_Device_Library/Core/Src/usbd_ctlreq.o
                0x000000000800944e                USBD_CtlError
 .text.USBD_GetString
                0x0000000008009470       0x8c ./Middlewares/ST/STM32_USB_Device_Library/Core/Src/usbd_ctlreq.o
                0x0000000008009470                USBD_GetString
 .text.USBD_GetLen
                0x00000000080094fc       0x34 ./Middlewares/ST/STM32_USB_Device_Library/Core/Src/usbd_ctlreq.o
 .text.USBD_CtlSendData
                0x0000000008009530       0x36 ./Middlewares/ST/STM32_USB_Device_Library/Core/Src/usbd_ioreq.o
                0x0000000008009530                USBD_CtlSendData
 .text.USBD_CtlContinueSendData
                0x0000000008009566       0x22 ./Middlewares/ST/STM32_USB_Device_Library/Core/Src/usbd_ioreq.o
                0x0000000008009566                USBD_CtlContinueSendData
 .text.USBD_CtlPrepareRx
                0x0000000008009588       0x3a ./Middlewares/ST/STM32_USB_Device_Library/Core/Src/usbd_ioreq.o
                0x0000000008009588                USBD_CtlPrepareRx
 .text.USBD_CtlContinueRx
                0x00000000080095c2       0x22 ./Middlewares/ST/STM32_USB_Device_Library/Core/Src/usbd_ioreq.o
                0x00000000080095c2                USBD_CtlContinueRx
 .text.USBD_CtlSendStatus
                0x00000000080095e4       0x26 ./Middlewares/ST/STM32_USB_Device_Library/Core/Src/usbd_ioreq.o
                0x00000000080095e4                USBD_CtlSendStatus
 .text.USBD_CtlReceiveStatus
                0x000000000800960a       0x26 ./Middlewares/ST/STM32_USB_Device_Library/Core/Src/usbd_ioreq.o
                0x000000000800960a                USBD_CtlReceiveStatus
 .text.__NVIC_SetPriority
                0x0000000008009630       0x54 ./Middlewares/Third_Party/FreeRTOS/Source/CMSIS_RTOS_V2/cmsis_os2.o
 .text.SVC_Setup
                0x0000000008009684       0x12 ./Middlewares/Third_Party/FreeRTOS/Source/CMSIS_RTOS_V2/cmsis_os2.o
 *fill*         0x0000000008009696        0x2 
 .text.osKernelInitialize
                0x0000000008009698       0x48 ./Middlewares/Third_Party/FreeRTOS/Source/CMSIS_RTOS_V2/cmsis_os2.o
                0x0000000008009698                osKernelInitialize
 .text.osKernelStart
                0x00000000080096e0       0x4c ./Middlewares/Third_Party/FreeRTOS/Source/CMSIS_RTOS_V2/cmsis_os2.o
                0x00000000080096e0                osKernelStart
 .text.osThreadNew
                0x000000000800972c      0x124 ./Middlewares/Third_Party/FreeRTOS/Source/CMSIS_RTOS_V2/cmsis_os2.o
                0x000000000800972c                osThreadNew
 .text.vApplicationGetIdleTaskMemory
                0x0000000008009850       0x34 ./Middlewares/Third_Party/FreeRTOS/Source/CMSIS_RTOS_V2/cmsis_os2.o
                0x0000000008009850                vApplicationGetIdleTaskMemory
 .text.vApplicationGetTimerTaskMemory
                0x0000000008009884       0x34 ./Middlewares/Third_Party/FreeRTOS/Source/CMSIS_RTOS_V2/cmsis_os2.o
                0x0000000008009884                vApplicationGetTimerTaskMemory
 .text.vListInitialise
                0x00000000080098b8       0x40 ./Middlewares/Third_Party/FreeRTOS/Source/list.o
                0x00000000080098b8                vListInitialise
 .text.vListInitialiseItem
                0x00000000080098f8       0x1a ./Middlewares/Third_Party/FreeRTOS/Source/list.o
                0x00000000080098f8                vListInitialiseItem
 .text.vListInsertEnd
                0x0000000008009912       0x48 ./Middlewares/Third_Party/FreeRTOS/Source/list.o
                0x0000000008009912                vListInsertEnd
 .text.vListInsert
                0x000000000800995a       0x72 ./Middlewares/Third_Party/FreeRTOS/Source/list.o
                0x000000000800995a                vListInsert
 .text.uxListRemove
                0x00000000080099cc       0x54 ./Middlewares/Third_Party/FreeRTOS/Source/list.o
                0x00000000080099cc                uxListRemove
 .text.xQueueGenericReset
                0x0000000008009a20       0xd0 ./Middlewares/Third_Party/FreeRTOS/Source/queue.o
                0x0000000008009a20                xQueueGenericReset
 .text.xQueueGenericCreateStatic
                0x0000000008009af0       0xf0 ./Middlewares/Third_Party/FreeRTOS/Source/queue.o
                0x0000000008009af0                xQueueGenericCreateStatic
 .text.xQueueGenericCreate
                0x0000000008009be0       0x74 ./Middlewares/Third_Party/FreeRTOS/Source/queue.o
                0x0000000008009be0                xQueueGenericCreate
 .text.prvInitialiseNewQueue
                0x0000000008009c54       0x46 ./Middlewares/Third_Party/FreeRTOS/Source/queue.o
 *fill*         0x0000000008009c9a        0x2 
 .text.xQueueGenericSend
                0x0000000008009c9c      0x1fc ./Middlewares/Third_Party/FreeRTOS/Source/queue.o
                0x0000000008009c9c                xQueueGenericSend
 .text.xQueueGenericSendFromISR
                0x0000000008009e98      0x136 ./Middlewares/Third_Party/FreeRTOS/Source/queue.o
                0x0000000008009e98                xQueueGenericSendFromISR
 .text.xQueueGiveFromISR
                0x0000000008009fce      0x11a ./Middlewares/Third_Party/FreeRTOS/Source/queue.o
                0x0000000008009fce                xQueueGiveFromISR
 .text.xQueueReceive
                0x000000000800a0e8      0x1c0 ./Middlewares/Third_Party/FreeRTOS/Source/queue.o
                0x000000000800a0e8                xQueueReceive
 .text.xQueueSemaphoreTake
                0x000000000800a2a8      0x218 ./Middlewares/Third_Party/FreeRTOS/Source/queue.o
                0x000000000800a2a8                xQueueSemaphoreTake
 .text.prvGetDisinheritPriorityAfterTimeout
                0x000000000800a4c0       0x30 ./Middlewares/Third_Party/FreeRTOS/Source/queue.o
 .text.prvCopyDataToQueue
                0x000000000800a4f0       0xd4 ./Middlewares/Third_Party/FreeRTOS/Source/queue.o
 .text.prvCopyDataFromQueue
                0x000000000800a5c4       0x4c ./Middlewares/Third_Party/FreeRTOS/Source/queue.o
 .text.prvUnlockQueue
                0x000000000800a610       0xa4 ./Middlewares/Third_Party/FreeRTOS/Source/queue.o
 .text.prvIsQueueEmpty
                0x000000000800a6b4       0x2c ./Middlewares/Third_Party/FreeRTOS/Source/queue.o
 .text.prvIsQueueFull
                0x000000000800a6e0       0x30 ./Middlewares/Third_Party/FreeRTOS/Source/queue.o
 .text.vQueueAddToRegistry
                0x000000000800a710       0x54 ./Middlewares/Third_Party/FreeRTOS/Source/queue.o
                0x000000000800a710                vQueueAddToRegistry
 .text.vQueueWaitForMessageRestricted
                0x000000000800a764       0x68 ./Middlewares/Third_Party/FreeRTOS/Source/queue.o
                0x000000000800a764                vQueueWaitForMessageRestricted
 .text.xStreamBufferGenericCreate
                0x000000000800a7cc       0xb6 ./Middlewares/Third_Party/FreeRTOS/Source/stream_buffer.o
                0x000000000800a7cc                xStreamBufferGenericCreate
 .text.xStreamBufferSpacesAvailable
                0x000000000800a882       0x66 ./Middlewares/Third_Party/FreeRTOS/Source/stream_buffer.o
                0x000000000800a882                xStreamBufferSpacesAvailable
 .text.xStreamBufferSendFromISR
                0x000000000800a8e8       0xe2 ./Middlewares/Third_Party/FreeRTOS/Source/stream_buffer.o
                0x000000000800a8e8                xStreamBufferSendFromISR
 .text.prvWriteMessageToBuffer
                0x000000000800a9ca       0x7a ./Middlewares/Third_Party/FreeRTOS/Source/stream_buffer.o
 .text.xStreamBufferReceive
                0x000000000800aa44      0x12a ./Middlewares/Third_Party/FreeRTOS/Source/stream_buffer.o
                0x000000000800aa44                xStreamBufferReceive
 .text.prvReadMessageFromBuffer
                0x000000000800ab6e       0x64 ./Middlewares/Third_Party/FreeRTOS/Source/stream_buffer.o
 .text.prvWriteBytesToBuffer
                0x000000000800abd2       0xe4 ./Middlewares/Third_Party/FreeRTOS/Source/stream_buffer.o
 .text.prvReadBytesFromBuffer
                0x000000000800acb6       0xf4 ./Middlewares/Third_Party/FreeRTOS/Source/stream_buffer.o
 .text.prvBytesInBuffer
                0x000000000800adaa       0x40 ./Middlewares/Third_Party/FreeRTOS/Source/stream_buffer.o
 .text.prvInitialiseNewStreamBuffer
                0x000000000800adea       0x66 ./Middlewares/Third_Party/FreeRTOS/Source/stream_buffer.o
 .text.xTaskCreateStatic
                0x000000000800ae50       0xba ./Middlewares/Third_Party/FreeRTOS/Source/tasks.o
                0x000000000800ae50                xTaskCreateStatic
 .text.xTaskCreate
                0x000000000800af0a       0x8a ./Middlewares/Third_Party/FreeRTOS/Source/tasks.o
                0x000000000800af0a                xTaskCreate
 .text.prvInitialiseNewTask
                0x000000000800af94      0x14c ./Middlewares/Third_Party/FreeRTOS/Source/tasks.o
 .text.prvAddNewTaskToReadyList
                0x000000000800b0e0       0xe0 ./Middlewares/Third_Party/FreeRTOS/Source/tasks.o
 .text.vTaskDelay
                0x000000000800b1c0       0x68 ./Middlewares/Third_Party/FreeRTOS/Source/tasks.o
                0x000000000800b1c0                vTaskDelay
 .text.eTaskGetState
                0x000000000800b228       0xcc ./Middlewares/Third_Party/FreeRTOS/Source/tasks.o
                0x000000000800b228                eTaskGetState
 .text.vTaskStartScheduler
                0x000000000800b2f4       0xe0 ./Middlewares/Third_Party/FreeRTOS/Source/tasks.o
                0x000000000800b2f4                vTaskStartScheduler
 .text.vTaskSuspendAll
                0x000000000800b3d4       0x1c ./Middlewares/Third_Party/FreeRTOS/Source/tasks.o
                0x000000000800b3d4                vTaskSuspendAll
 .text.xTaskResumeAll
                0x000000000800b3f0      0x13c ./Middlewares/Third_Party/FreeRTOS/Source/tasks.o
                0x000000000800b3f0                xTaskResumeAll
 .text.xTaskGetTickCount
                0x000000000800b52c       0x20 ./Middlewares/Third_Party/FreeRTOS/Source/tasks.o
                0x000000000800b52c                xTaskGetTickCount
 .text.uxTaskGetSystemState
                0x000000000800b54c      0x11c ./Middlewares/Third_Party/FreeRTOS/Source/tasks.o
                0x000000000800b54c                uxTaskGetSystemState
 .text.xTaskIncrementTick
                0x000000000800b668      0x174 ./Middlewares/Third_Party/FreeRTOS/Source/tasks.o
                0x000000000800b668                xTaskIncrementTick
 .text.vTaskSwitchContext
                0x000000000800b7dc       0xc8 ./Middlewares/Third_Party/FreeRTOS/Source/tasks.o
                0x000000000800b7dc                vTaskSwitchContext
 .text.vTaskPlaceOnEventList
                0x000000000800b8a4       0x48 ./Middlewares/Third_Party/FreeRTOS/Source/tasks.o
                0x000000000800b8a4                vTaskPlaceOnEventList
 .text.vTaskPlaceOnEventListRestricted
                0x000000000800b8ec       0x58 ./Middlewares/Third_Party/FreeRTOS/Source/tasks.o
                0x000000000800b8ec                vTaskPlaceOnEventListRestricted
 .text.xTaskRemoveFromEventList
                0x000000000800b944       0xc8 ./Middlewares/Third_Party/FreeRTOS/Source/tasks.o
                0x000000000800b944                xTaskRemoveFromEventList
 .text.vTaskInternalSetTimeOutState
                0x000000000800ba0c       0x2c ./Middlewares/Third_Party/FreeRTOS/Source/tasks.o
                0x000000000800ba0c                vTaskInternalSetTimeOutState
 .text.xTaskCheckForTimeOut
                0x000000000800ba38       0xc4 ./Middlewares/Third_Party/FreeRTOS/Source/tasks.o
                0x000000000800ba38                xTaskCheckForTimeOut
 .text.vTaskMissedYield
                0x000000000800bafc       0x18 ./Middlewares/Third_Party/FreeRTOS/Source/tasks.o
                0x000000000800bafc                vTaskMissedYield
 .text.prvIdleTask
                0x000000000800bb14       0x30 ./Middlewares/Third_Party/FreeRTOS/Source/tasks.o
 .text.prvInitialiseTaskLists
                0x000000000800bb44       0x80 ./Middlewares/Third_Party/FreeRTOS/Source/tasks.o
 .text.prvCheckTasksWaitingTermination
                0x000000000800bbc4       0x5c ./Middlewares/Third_Party/FreeRTOS/Source/tasks.o
 .text.vTaskGetInfo
                0x000000000800bc20       0xcc ./Middlewares/Third_Party/FreeRTOS/Source/tasks.o
                0x000000000800bc20                vTaskGetInfo
 .text.prvListTasksWithinSingleList
                0x000000000800bcec       0xa4 ./Middlewares/Third_Party/FreeRTOS/Source/tasks.o
 .text.prvTaskCheckFreeStackSpace
                0x000000000800bd90       0x38 ./Middlewares/Third_Party/FreeRTOS/Source/tasks.o
 .text.prvDeleteTCB
                0x000000000800bdc8       0x68 ./Middlewares/Third_Party/FreeRTOS/Source/tasks.o
 .text.prvResetNextTaskUnblockTime
                0x000000000800be30       0x40 ./Middlewares/Third_Party/FreeRTOS/Source/tasks.o
 .text.xTaskGetCurrentTaskHandle
                0x000000000800be70       0x20 ./Middlewares/Third_Party/FreeRTOS/Source/tasks.o
                0x000000000800be70                xTaskGetCurrentTaskHandle
 .text.xTaskGetSchedulerState
                0x000000000800be90       0x3c ./Middlewares/Third_Party/FreeRTOS/Source/tasks.o
                0x000000000800be90                xTaskGetSchedulerState
 .text.xTaskPriorityInherit
                0x000000000800becc       0xd0 ./Middlewares/Third_Party/FreeRTOS/Source/tasks.o
                0x000000000800becc                xTaskPriorityInherit
 .text.xTaskPriorityDisinherit
                0x000000000800bf9c       0xdc ./Middlewares/Third_Party/FreeRTOS/Source/tasks.o
                0x000000000800bf9c                xTaskPriorityDisinherit
 .text.vTaskPriorityDisinheritAfterTimeout
                0x000000000800c078      0x104 ./Middlewares/Third_Party/FreeRTOS/Source/tasks.o
                0x000000000800c078                vTaskPriorityDisinheritAfterTimeout
 .text.prvWriteNameToBuffer
                0x000000000800c17c       0x4a ./Middlewares/Third_Party/FreeRTOS/Source/tasks.o
 *fill*         0x000000000800c1c6        0x2 
 .text.vTaskList
                0x000000000800c1c8      0x12c ./Middlewares/Third_Party/FreeRTOS/Source/tasks.o
                0x000000000800c1c8                vTaskList
 .text.pvTaskIncrementMutexHeldCount
                0x000000000800c2f4       0x28 ./Middlewares/Third_Party/FreeRTOS/Source/tasks.o
                0x000000000800c2f4                pvTaskIncrementMutexHeldCount
 .text.xTaskNotifyWait
                0x000000000800c31c       0xc0 ./Middlewares/Third_Party/FreeRTOS/Source/tasks.o
                0x000000000800c31c                xTaskNotifyWait
 .text.xTaskGenericNotify
                0x000000000800c3dc      0x17c ./Middlewares/Third_Party/FreeRTOS/Source/tasks.o
                0x000000000800c3dc                xTaskGenericNotify
 .text.xTaskGenericNotifyFromISR
                0x000000000800c558      0x1c8 ./Middlewares/Third_Party/FreeRTOS/Source/tasks.o
                0x000000000800c558                xTaskGenericNotifyFromISR
 .text.xTaskNotifyStateClear
                0x000000000800c720       0x4c ./Middlewares/Third_Party/FreeRTOS/Source/tasks.o
                0x000000000800c720                xTaskNotifyStateClear
 .text.prvAddCurrentTaskToDelayedList
                0x000000000800c76c       0xa8 ./Middlewares/Third_Party/FreeRTOS/Source/tasks.o
 .text.xTimerCreateTimerTask
                0x000000000800c814       0x90 ./Middlewares/Third_Party/FreeRTOS/Source/timers.o
                0x000000000800c814                xTimerCreateTimerTask
 .text.xTimerGenericCommand
                0x000000000800c8a4       0x9c ./Middlewares/Third_Party/FreeRTOS/Source/timers.o
                0x000000000800c8a4                xTimerGenericCommand
 .text.prvProcessExpiredTimer
                0x000000000800c940       0x98 ./Middlewares/Third_Party/FreeRTOS/Source/timers.o
 .text.prvTimerTask
                0x000000000800c9d8       0x24 ./Middlewares/Third_Party/FreeRTOS/Source/timers.o
 .text.prvProcessTimerOrBlockTask
                0x000000000800c9fc       0x9c ./Middlewares/Third_Party/FreeRTOS/Source/timers.o
 .text.prvGetNextExpireTime
                0x000000000800ca98       0x48 ./Middlewares/Third_Party/FreeRTOS/Source/timers.o
 .text.prvSampleTimeNow
                0x000000000800cae0       0x40 ./Middlewares/Third_Party/FreeRTOS/Source/timers.o
 .text.prvInsertTimerInActiveList
                0x000000000800cb20       0x84 ./Middlewares/Third_Party/FreeRTOS/Source/timers.o
 .text.prvProcessReceivedCommands
                0x000000000800cba4      0x1c4 ./Middlewares/Third_Party/FreeRTOS/Source/timers.o
 .text.prvSwitchTimerLists
                0x000000000800cd68       0xc8 ./Middlewares/Third_Party/FreeRTOS/Source/timers.o
 .text.prvCheckForValidListAndQueue
                0x000000000800ce30       0x80 ./Middlewares/Third_Party/FreeRTOS/Source/timers.o
 .text.pxPortInitialiseStack
                0x000000000800ceb0       0x68 ./Middlewares/Third_Party/FreeRTOS/Source/portable/GCC/ARM_CM4F/port.o
                0x000000000800ceb0                pxPortInitialiseStack
 .text.prvTaskExitError
                0x000000000800cf18       0x58 ./Middlewares/Third_Party/FreeRTOS/Source/portable/GCC/ARM_CM4F/port.o
 .text.SVC_Handler
                0x000000000800cf70       0x28 ./Middlewares/Third_Party/FreeRTOS/Source/portable/GCC/ARM_CM4F/port.o
                0x000000000800cf70                SVC_Handler
 .text.prvPortStartFirstTask
                0x000000000800cf98       0x28 ./Middlewares/Third_Party/FreeRTOS/Source/portable/GCC/ARM_CM4F/port.o
 .text.xPortStartScheduler
                0x000000000800cfc0      0x144 ./Middlewares/Third_Party/FreeRTOS/Source/portable/GCC/ARM_CM4F/port.o
                0x000000000800cfc0                xPortStartScheduler
 .text.vPortEnterCritical
                0x000000000800d104       0x60 ./Middlewares/Third_Party/FreeRTOS/Source/portable/GCC/ARM_CM4F/port.o
                0x000000000800d104                vPortEnterCritical
 .text.vPortExitCritical
                0x000000000800d164       0x54 ./Middlewares/Third_Party/FreeRTOS/Source/portable/GCC/ARM_CM4F/port.o
                0x000000000800d164                vPortExitCritical
 *fill*         0x000000000800d1b8        0x8 
 .text.PendSV_Handler
                0x000000000800d1c0       0x68 ./Middlewares/Third_Party/FreeRTOS/Source/portable/GCC/ARM_CM4F/port.o
                0x000000000800d1c0                PendSV_Handler
 .text.xPortSysTickHandler
                0x000000000800d228       0x44 ./Middlewares/Third_Party/FreeRTOS/Source/portable/GCC/ARM_CM4F/port.o
                0x000000000800d228                xPortSysTickHandler
 .text.vPortSetupTimerInterrupt
                0x000000000800d26c       0x48 ./Middlewares/Third_Party/FreeRTOS/Source/portable/GCC/ARM_CM4F/port.o
                0x000000000800d26c                vPortSetupTimerInterrupt
 .text.vPortEnableVFP
                0x000000000800d2b4       0x14 ./Middlewares/Third_Party/FreeRTOS/Source/portable/GCC/ARM_CM4F/port.o
 .text.vPortValidateInterruptPriority
                0x000000000800d2c8       0x80 ./Middlewares/Third_Party/FreeRTOS/Source/portable/GCC/ARM_CM4F/port.o
                0x000000000800d2c8                vPortValidateInterruptPriority
 .text.pvPortMalloc
                0x000000000800d348      0x198 ./Middlewares/Third_Party/FreeRTOS/Source/portable/MemMang/heap_4.o
                0x000000000800d348                pvPortMalloc
 .text.vPortFree
                0x000000000800d4e0       0xc4 ./Middlewares/Third_Party/FreeRTOS/Source/portable/MemMang/heap_4.o
                0x000000000800d4e0                vPortFree
 .text.prvHeapInit
                0x000000000800d5a4       0xc4 ./Middlewares/Third_Party/FreeRTOS/Source/portable/MemMang/heap_4.o
 .text.prvInsertBlockIntoFreeList
                0x000000000800d668       0xb4 ./Middlewares/Third_Party/FreeRTOS/Source/portable/MemMang/heap_4.o
 .text.MX_USB_DEVICE_Init
                0x000000000800d71c       0x60 ./USB_DEVICE/App/usb_device.o
                0x000000000800d71c                MX_USB_DEVICE_Init
 .text.init_usb_rtos_obj
                0x000000000800d77c       0x74 ./USB_DEVICE/App/usbd_cdc_if.o
                0x000000000800d77c                init_usb_rtos_obj
 .text.CDC_Receiveq_FS
                0x000000000800d7f0       0x28 ./USB_DEVICE/App/usbd_cdc_if.o
                0x000000000800d7f0                CDC_Receiveq_FS
 .text.queue_print
                0x000000000800d818       0x1c ./USB_DEVICE/App/usbd_cdc_if.o
                0x000000000800d818                queue_print
 .text.Print_Task
                0x000000000800d834      0x17c ./USB_DEVICE/App/usbd_cdc_if.o
                0x000000000800d834                Print_Task
 .text.CDC_Init_FS
                0x000000000800d9b0       0x28 ./USB_DEVICE/App/usbd_cdc_if.o
 .text.CDC_DeInit_FS
                0x000000000800d9d8       0x10 ./USB_DEVICE/App/usbd_cdc_if.o
 .text.CDC_Control_FS
                0x000000000800d9e8       0xf8 ./USB_DEVICE/App/usbd_cdc_if.o
 .text.CDC_Receive_FS
                0x000000000800dae0       0x5c ./USB_DEVICE/App/usbd_cdc_if.o
 .text.CDC_Transmit_FS
                0x000000000800db3c       0x5c ./USB_DEVICE/App/usbd_cdc_if.o
                0x000000000800db3c                CDC_Transmit_FS
 .text.CDC_TransmitCplt_FS
                0x000000000800db98       0x4c ./USB_DEVICE/App/usbd_cdc_if.o
 .text.USBD_FS_DeviceDescriptor
                0x000000000800dbe4       0x24 ./USB_DEVICE/App/usbd_desc.o
                0x000000000800dbe4                USBD_FS_DeviceDescriptor
 .text.USBD_FS_LangIDStrDescriptor
                0x000000000800dc08       0x24 ./USB_DEVICE/App/usbd_desc.o
                0x000000000800dc08                USBD_FS_LangIDStrDescriptor
 .text.USBD_FS_ProductStrDescriptor
                0x000000000800dc2c       0x3c ./USB_DEVICE/App/usbd_desc.o
                0x000000000800dc2c                USBD_FS_ProductStrDescriptor
 .text.USBD_FS_ManufacturerStrDescriptor
                0x000000000800dc68       0x28 ./USB_DEVICE/App/usbd_desc.o
                0x000000000800dc68                USBD_FS_ManufacturerStrDescriptor
 .text.USBD_FS_SerialStrDescriptor
                0x000000000800dc90       0x24 ./USB_DEVICE/App/usbd_desc.o
                0x000000000800dc90                USBD_FS_SerialStrDescriptor
 .text.USBD_FS_ConfigStrDescriptor
                0x000000000800dcb4       0x3c ./USB_DEVICE/App/usbd_desc.o
                0x000000000800dcb4                USBD_FS_ConfigStrDescriptor
 .text.USBD_FS_InterfaceStrDescriptor
                0x000000000800dcf0       0x3c ./USB_DEVICE/App/usbd_desc.o
                0x000000000800dcf0                USBD_FS_InterfaceStrDescriptor
 .text.Get_SerialNum
                0x000000000800dd2c       0x58 ./USB_DEVICE/App/usbd_desc.o
 .text.IntToUnicode
                0x000000000800dd84       0x7e ./USB_DEVICE/App/usbd_desc.o
 *fill*         0x000000000800de02        0x2 
 .text.HAL_PCD_MspInit
                0x000000000800de04       0xa8 ./USB_DEVICE/Target/usbd_conf.o
                0x000000000800de04                HAL_PCD_MspInit
 .text.HAL_PCD_SetupStageCallback
                0x000000000800deac       0x24 ./USB_DEVICE/Target/usbd_conf.o
                0x000000000800deac                HAL_PCD_SetupStageCallback
 .text.HAL_PCD_DataOutStageCallback
                0x000000000800ded0       0x36 ./USB_DEVICE/Target/usbd_conf.o
                0x000000000800ded0                HAL_PCD_DataOutStageCallback
 .text.HAL_PCD_DataInStageCallback
                0x000000000800df06       0x34 ./USB_DEVICE/Target/usbd_conf.o
                0x000000000800df06                HAL_PCD_DataInStageCallback
 .text.HAL_PCD_SOFCallback
                0x000000000800df3a       0x1c ./USB_DEVICE/Target/usbd_conf.o
                0x000000000800df3a                HAL_PCD_SOFCallback
 .text.HAL_PCD_ResetCallback
                0x000000000800df56       0x50 ./USB_DEVICE/Target/usbd_conf.o
                0x000000000800df56                HAL_PCD_ResetCallback
 *fill*         0x000000000800dfa6        0x2 
 .text.HAL_PCD_SuspendCallback
                0x000000000800dfa8       0x4c ./USB_DEVICE/Target/usbd_conf.o
                0x000000000800dfa8                HAL_PCD_SuspendCallback
 .text.HAL_PCD_ResumeCallback
                0x000000000800dff4       0x1c ./USB_DEVICE/Target/usbd_conf.o
                0x000000000800dff4                HAL_PCD_ResumeCallback
 .text.HAL_PCD_ISOOUTIncompleteCallback
                0x000000000800e010       0x24 ./USB_DEVICE/Target/usbd_conf.o
                0x000000000800e010                HAL_PCD_ISOOUTIncompleteCallback
 .text.HAL_PCD_ISOINIncompleteCallback
                0x000000000800e034       0x24 ./USB_DEVICE/Target/usbd_conf.o
                0x000000000800e034                HAL_PCD_ISOINIncompleteCallback
 .text.HAL_PCD_ConnectCallback
                0x000000000800e058       0x1c ./USB_DEVICE/Target/usbd_conf.o
                0x000000000800e058                HAL_PCD_ConnectCallback
 .text.HAL_PCD_DisconnectCallback
                0x000000000800e074       0x1c ./USB_DEVICE/Target/usbd_conf.o
                0x000000000800e074                HAL_PCD_DisconnectCallback
 .text.USBD_LL_Init
                0x000000000800e090       0x98 ./USB_DEVICE/Target/usbd_conf.o
                0x000000000800e090                USBD_LL_Init
 .text.USBD_LL_Start
                0x000000000800e128       0x36 ./USB_DEVICE/Target/usbd_conf.o
                0x000000000800e128                USBD_LL_Start
 .text.USBD_LL_OpenEP
                0x000000000800e15e       0x4c ./USB_DEVICE/Target/usbd_conf.o
                0x000000000800e15e                USBD_LL_OpenEP
 .text.USBD_LL_CloseEP
                0x000000000800e1aa       0x3e ./USB_DEVICE/Target/usbd_conf.o
                0x000000000800e1aa                USBD_LL_CloseEP
 .text.USBD_LL_StallEP
                0x000000000800e1e8       0x3e ./USB_DEVICE/Target/usbd_conf.o
                0x000000000800e1e8                USBD_LL_StallEP
 .text.USBD_LL_ClearStallEP
                0x000000000800e226       0x3e ./USB_DEVICE/Target/usbd_conf.o
                0x000000000800e226                USBD_LL_ClearStallEP
 .text.USBD_LL_IsStallEP
                0x000000000800e264       0x58 ./USB_DEVICE/Target/usbd_conf.o
                0x000000000800e264                USBD_LL_IsStallEP
 .text.USBD_LL_SetUSBAddress
                0x000000000800e2bc       0x3e ./USB_DEVICE/Target/usbd_conf.o
                0x000000000800e2bc                USBD_LL_SetUSBAddress
 .text.USBD_LL_Transmit
                0x000000000800e2fa       0x42 ./USB_DEVICE/Target/usbd_conf.o
                0x000000000800e2fa                USBD_LL_Transmit
 .text.USBD_LL_PrepareReceive
                0x000000000800e33c       0x42 ./USB_DEVICE/Target/usbd_conf.o
                0x000000000800e33c                USBD_LL_PrepareReceive
 .text.USBD_LL_GetRxDataSize
                0x000000000800e37e       0x26 ./USB_DEVICE/Target/usbd_conf.o
                0x000000000800e37e                USBD_LL_GetRxDataSize
 .text.USBD_static_malloc
                0x000000000800e3a4       0x1c ./USB_DEVICE/Target/usbd_conf.o
                0x000000000800e3a4                USBD_static_malloc
 .text.USBD_static_free
                0x000000000800e3c0       0x14 ./USB_DEVICE/Target/usbd_conf.o
                0x000000000800e3c0                USBD_static_free
 .text.USBD_Get_USB_Status
                0x000000000800e3d4       0x58 ./USB_DEVICE/Target/usbd_conf.o
                0x000000000800e3d4                USBD_Get_USB_Status
 .text.arm_cfft_radix8by2_f32
                0x000000000800e42c      0x1a4 /home/luiz/Documents/UTFPR/Embarcados/Sistemas-Embarcados-UTFPR/cmsis/lib/libarm_cortexM4lf_math.a(arm_cfft_f32.o)
                0x000000000800e42c                arm_cfft_radix8by2_f32
 .text.arm_cfft_radix8by4_f32
                0x000000000800e5d0      0x4bc /home/luiz/Documents/UTFPR/Embarcados/Sistemas-Embarcados-UTFPR/cmsis/lib/libarm_cortexM4lf_math.a(arm_cfft_f32.o)
                0x000000000800e5d0                arm_cfft_radix8by4_f32
 .text.arm_cfft_f32
                0x000000000800ea8c       0xf4 /home/luiz/Documents/UTFPR/Embarcados/Sistemas-Embarcados-UTFPR/cmsis/lib/libarm_cortexM4lf_math.a(arm_cfft_f32.o)
                0x000000000800ea8c                arm_cfft_f32
 .text.arm_cmplx_mag_f32
                0x000000000800eb80      0x1d0 /home/luiz/Documents/UTFPR/Embarcados/Sistemas-Embarcados-UTFPR/cmsis/lib/libarm_cortexM4lf_math.a(arm_cmplx_mag_f32.o)
                0x000000000800eb80                arm_cmplx_mag_f32
 .text.arm_scale_f32
                0x000000000800ed50       0x6c /home/luiz/Documents/UTFPR/Embarcados/Sistemas-Embarcados-UTFPR/cmsis/lib/libarm_cortexM4lf_math.a(arm_scale_f32.o)
                0x000000000800ed50                arm_scale_f32
 .text.arm_radix8_butterfly_f32
                0x000000000800edbc      0x5c4 /home/luiz/Documents/UTFPR/Embarcados/Sistemas-Embarcados-UTFPR/cmsis/lib/libarm_cortexM4lf_math.a(arm_cfft_radix8_f32.o)
                0x000000000800edbc                arm_radix8_butterfly_f32
 .text.atoi     0x000000000800f380        0x8 /opt/st/stm32cube/plugins/com.st.stm32cube.ide.mcu.externaltools.gnu-tools-for-stm32.10.3-2021.10.linux64_1.0.0.202111181127/tools/bin/../lib/gcc/arm-none-eabi/10.3.1/../../../../arm-none-eabi/lib/thumb/v7e-m+fp/hard/libc_nano.a(lib_a-atoi.o)
                0x000000000800f380                atoi
 .text.__errno  0x000000000800f388        0xc /opt/st/stm32cube/plugins/com.st.stm32cube.ide.mcu.externaltools.gnu-tools-for-stm32.10.3-2021.10.linux64_1.0.0.202111181127/tools/bin/../lib/gcc/arm-none-eabi/10.3.1/../../../../arm-none-eabi/lib/thumb/v7e-m+fp/hard/libc_nano.a(lib_a-errno.o)
                0x000000000800f388                __errno
 .text.__libc_init_array
                0x000000000800f394       0x48 /opt/st/stm32cube/plugins/com.st.stm32cube.ide.mcu.externaltools.gnu-tools-for-stm32.10.3-2021.10.linux64_1.0.0.202111181127/tools/bin/../lib/gcc/arm-none-eabi/10.3.1/../../../../arm-none-eabi/lib/thumb/v7e-m+fp/hard/libc_nano.a(lib_a-init.o)
                0x000000000800f394                __libc_init_array
 .text.__itoa   0x000000000800f3dc       0x30 /opt/st/stm32cube/plugins/com.st.stm32cube.ide.mcu.externaltools.gnu-tools-for-stm32.10.3-2021.10.linux64_1.0.0.202111181127/tools/bin/../lib/gcc/arm-none-eabi/10.3.1/../../../../arm-none-eabi/lib/thumb/v7e-m+fp/hard/libc_nano.a(lib_a-itoa.o)
                0x000000000800f3dc                __itoa
 .text.itoa     0x000000000800f40c        0x4 /opt/st/stm32cube/plugins/com.st.stm32cube.ide.mcu.externaltools.gnu-tools-for-stm32.10.3-2021.10.linux64_1.0.0.202111181127/tools/bin/../lib/gcc/arm-none-eabi/10.3.1/../../../../arm-none-eabi/lib/thumb/v7e-m+fp/hard/libc_nano.a(lib_a-itoa.o)
                0x000000000800f40c                itoa
 .text.__retarget_lock_acquire_recursive
                0x000000000800f410        0x2 /opt/st/stm32cube/plugins/com.st.stm32cube.ide.mcu.externaltools.gnu-tools-for-stm32.10.3-2021.10.linux64_1.0.0.202111181127/tools/bin/../lib/gcc/arm-none-eabi/10.3.1/../../../../arm-none-eabi/lib/thumb/v7e-m+fp/hard/libc_nano.a(lib_a-lock.o)
                0x000000000800f410                __retarget_lock_acquire_recursive
 .text.__retarget_lock_release_recursive
                0x000000000800f412        0x2 /opt/st/stm32cube/plugins/com.st.stm32cube.ide.mcu.externaltools.gnu-tools-for-stm32.10.3-2021.10.linux64_1.0.0.202111181127/tools/bin/../lib/gcc/arm-none-eabi/10.3.1/../../../../arm-none-eabi/lib/thumb/v7e-m+fp/hard/libc_nano.a(lib_a-lock.o)
                0x000000000800f412                __retarget_lock_release_recursive
 .text.memcpy   0x000000000800f414       0x1c /opt/st/stm32cube/plugins/com.st.stm32cube.ide.mcu.externaltools.gnu-tools-for-stm32.10.3-2021.10.linux64_1.0.0.202111181127/tools/bin/../lib/gcc/arm-none-eabi/10.3.1/../../../../arm-none-eabi/lib/thumb/v7e-m+fp/hard/libc_nano.a(lib_a-memcpy-stub.o)
                0x000000000800f414                memcpy
 .text.memset   0x000000000800f430       0x10 /opt/st/stm32cube/plugins/com.st.stm32cube.ide.mcu.externaltools.gnu-tools-for-stm32.10.3-2021.10.linux64_1.0.0.202111181127/tools/bin/../lib/gcc/arm-none-eabi/10.3.1/../../../../arm-none-eabi/lib/thumb/v7e-m+fp/hard/libc_nano.a(lib_a-memset.o)
                0x000000000800f430                memset
 .text.sbrk_aligned
                0x000000000800f440       0x40 /opt/st/stm32cube/plugins/com.st.stm32cube.ide.mcu.externaltools.gnu-tools-for-stm32.10.3-2021.10.linux64_1.0.0.202111181127/tools/bin/../lib/gcc/arm-none-eabi/10.3.1/../../../../arm-none-eabi/lib/thumb/v7e-m+fp/hard/libc_nano.a(lib_a-nano-mallocr.o)
 .text._malloc_r
                0x000000000800f480       0xe8 /opt/st/stm32cube/plugins/com.st.stm32cube.ide.mcu.externaltools.gnu-tools-for-stm32.10.3-2021.10.linux64_1.0.0.202111181127/tools/bin/../lib/gcc/arm-none-eabi/10.3.1/../../../../arm-none-eabi/lib/thumb/v7e-m+fp/hard/libc_nano.a(lib_a-nano-mallocr.o)
                0x000000000800f480                _malloc_r
 .text.cleanup_glue
                0x000000000800f568       0x1a /opt/st/stm32cube/plugins/com.st.stm32cube.ide.mcu.externaltools.gnu-tools-for-stm32.10.3-2021.10.linux64_1.0.0.202111181127/tools/bin/../lib/gcc/arm-none-eabi/10.3.1/../../../../arm-none-eabi/lib/thumb/v7e-m+fp/hard/libc_nano.a(lib_a-reent.o)
                0x000000000800f568                cleanup_glue
 *fill*         0x000000000800f582        0x2 
 .text._reclaim_reent
                0x000000000800f584       0xb8 /opt/st/stm32cube/plugins/com.st.stm32cube.ide.mcu.externaltools.gnu-tools-for-stm32.10.3-2021.10.linux64_1.0.0.202111181127/tools/bin/../lib/gcc/arm-none-eabi/10.3.1/../../../../arm-none-eabi/lib/thumb/v7e-m+fp/hard/libc_nano.a(lib_a-reent.o)
                0x000000000800f584                _reclaim_reent
 .text._sbrk_r  0x000000000800f63c       0x20 /opt/st/stm32cube/plugins/com.st.stm32cube.ide.mcu.externaltools.gnu-tools-for-stm32.10.3-2021.10.linux64_1.0.0.202111181127/tools/bin/../lib/gcc/arm-none-eabi/10.3.1/../../../../arm-none-eabi/lib/thumb/v7e-m+fp/hard/libc_nano.a(lib_a-sbrkr.o)
                0x000000000800f63c                _sbrk_r
 .text.sprintf  0x000000000800f65c       0x40 /opt/st/stm32cube/plugins/com.st.stm32cube.ide.mcu.externaltools.gnu-tools-for-stm32.10.3-2021.10.linux64_1.0.0.202111181127/tools/bin/../lib/gcc/arm-none-eabi/10.3.1/../../../../arm-none-eabi/lib/thumb/v7e-m+fp/hard/libc_nano.a(lib_a-sprintf.o)
                0x000000000800f65c                sprintf
                0x000000000800f65c                siprintf
 .text.strcpy   0x000000000800f69c       0x10 /opt/st/stm32cube/plugins/com.st.stm32cube.ide.mcu.externaltools.gnu-tools-for-stm32.10.3-2021.10.linux64_1.0.0.202111181127/tools/bin/../lib/gcc/arm-none-eabi/10.3.1/../../../../arm-none-eabi/lib/thumb/v7e-m+fp/hard/libc_nano.a(lib_a-strcpy.o)
                0x000000000800f69c                strcpy
 .text.strncmp  0x000000000800f6ac       0x28 /opt/st/stm32cube/plugins/com.st.stm32cube.ide.mcu.externaltools.gnu-tools-for-stm32.10.3-2021.10.linux64_1.0.0.202111181127/tools/bin/../lib/gcc/arm-none-eabi/10.3.1/../../../../arm-none-eabi/lib/thumb/v7e-m+fp/hard/libc_nano.a(lib_a-strncmp.o)
                0x000000000800f6ac                strncmp
 .text.strncpy  0x000000000800f6d4       0x26 /opt/st/stm32cube/plugins/com.st.stm32cube.ide.mcu.externaltools.gnu-tools-for-stm32.10.3-2021.10.linux64_1.0.0.202111181127/tools/bin/../lib/gcc/arm-none-eabi/10.3.1/../../../../arm-none-eabi/lib/thumb/v7e-m+fp/hard/libc_nano.a(lib_a-strncpy.o)
                0x000000000800f6d4                strncpy
 *fill*         0x000000000800f6fa        0x2 
 .text._strtol_l.constprop.0
                0x000000000800f6fc      0x104 /opt/st/stm32cube/plugins/com.st.stm32cube.ide.mcu.externaltools.gnu-tools-for-stm32.10.3-2021.10.linux64_1.0.0.202111181127/tools/bin/../lib/gcc/arm-none-eabi/10.3.1/../../../../arm-none-eabi/lib/thumb/v7e-m+fp/hard/libc_nano.a(lib_a-strtol.o)
 .text.strtol   0x000000000800f800       0x14 /opt/st/stm32cube/plugins/com.st.stm32cube.ide.mcu.externaltools.gnu-tools-for-stm32.10.3-2021.10.linux64_1.0.0.202111181127/tools/bin/../lib/gcc/arm-none-eabi/10.3.1/../../../../arm-none-eabi/lib/thumb/v7e-m+fp/hard/libc_nano.a(lib_a-strtol.o)
                0x000000000800f800                strtol
 .text.__utoa   0x000000000800f814       0x84 /opt/st/stm32cube/plugins/com.st.stm32cube.ide.mcu.externaltools.gnu-tools-for-stm32.10.3-2021.10.linux64_1.0.0.202111181127/tools/bin/../lib/gcc/arm-none-eabi/10.3.1/../../../../arm-none-eabi/lib/thumb/v7e-m+fp/hard/libc_nano.a(lib_a-utoa.o)
                0x000000000800f814                __utoa
 .text.__malloc_lock
                0x000000000800f898        0xc /opt/st/stm32cube/plugins/com.st.stm32cube.ide.mcu.externaltools.gnu-tools-for-stm32.10.3-2021.10.linux64_1.0.0.202111181127/tools/bin/../lib/gcc/arm-none-eabi/10.3.1/../../../../arm-none-eabi/lib/thumb/v7e-m+fp/hard/libc_nano.a(lib_a-mlock.o)
                0x000000000800f898                __malloc_lock
 .text.__malloc_unlock
                0x000000000800f8a4        0xc /opt/st/stm32cube/plugins/com.st.stm32cube.ide.mcu.externaltools.gnu-tools-for-stm32.10.3-2021.10.linux64_1.0.0.202111181127/tools/bin/../lib/gcc/arm-none-eabi/10.3.1/../../../../arm-none-eabi/lib/thumb/v7e-m+fp/hard/libc_nano.a(lib_a-mlock.o)
                0x000000000800f8a4                __malloc_unlock
 .text._free_r  0x000000000800f8b0       0x98 /opt/st/stm32cube/plugins/com.st.stm32cube.ide.mcu.externaltools.gnu-tools-for-stm32.10.3-2021.10.linux64_1.0.0.202111181127/tools/bin/../lib/gcc/arm-none-eabi/10.3.1/../../../../arm-none-eabi/lib/thumb/v7e-m+fp/hard/libc_nano.a(lib_a-nano-freer.o)
                0x000000000800f8b0                _free_r
 .text.__ssputs_r
                0x000000000800f948       0xb6 /opt/st/stm32cube/plugins/com.st.stm32cube.ide.mcu.externaltools.gnu-tools-for-stm32.10.3-2021.10.linux64_1.0.0.202111181127/tools/bin/../lib/gcc/arm-none-eabi/10.3.1/../../../../arm-none-eabi/lib/thumb/v7e-m+fp/hard/libc_nano.a(lib_a-nano-svfprintf.o)
                0x000000000800f948                __ssputs_r
 *fill*         0x000000000800f9fe        0x2 
 .text._svfprintf_r
                0x000000000800fa00      0x200 /opt/st/stm32cube/plugins/com.st.stm32cube.ide.mcu.externaltools.gnu-tools-for-stm32.10.3-2021.10.linux64_1.0.0.202111181127/tools/bin/../lib/gcc/arm-none-eabi/10.3.1/../../../../arm-none-eabi/lib/thumb/v7e-m+fp/hard/libc_nano.a(lib_a-nano-svfprintf.o)
                0x000000000800fa00                _svfprintf_r
                0x000000000800fa00                _svfiprintf_r
 .text._printf_common
                0x000000000800fc00       0xda /opt/st/stm32cube/plugins/com.st.stm32cube.ide.mcu.externaltools.gnu-tools-for-stm32.10.3-2021.10.linux64_1.0.0.202111181127/tools/bin/../lib/gcc/arm-none-eabi/10.3.1/../../../../arm-none-eabi/lib/thumb/v7e-m+fp/hard/libc_nano.a(lib_a-nano-vfprintf_i.o)
                0x000000000800fc00                _printf_common
 *fill*         0x000000000800fcda        0x2 
 .text._printf_i
                0x000000000800fcdc      0x24c /opt/st/stm32cube/plugins/com.st.stm32cube.ide.mcu.externaltools.gnu-tools-for-stm32.10.3-2021.10.linux64_1.0.0.202111181127/tools/bin/../lib/gcc/arm-none-eabi/10.3.1/../../../../arm-none-eabi/lib/thumb/v7e-m+fp/hard/libc_nano.a(lib_a-nano-vfprintf_i.o)
                0x000000000800fcdc                _printf_i
 .text.memmove  0x000000000800ff28       0x34 /opt/st/stm32cube/plugins/com.st.stm32cube.ide.mcu.externaltools.gnu-tools-for-stm32.10.3-2021.10.linux64_1.0.0.202111181127/tools/bin/../lib/gcc/arm-none-eabi/10.3.1/../../../../arm-none-eabi/lib/thumb/v7e-m+fp/hard/libc_nano.a(lib_a-memmove.o)
                0x000000000800ff28                memmove
 .text._realloc_r
                0x000000000800ff5c       0x5e /opt/st/stm32cube/plugins/com.st.stm32cube.ide.mcu.externaltools.gnu-tools-for-stm32.10.3-2021.10.linux64_1.0.0.202111181127/tools/bin/../lib/gcc/arm-none-eabi/10.3.1/../../../../arm-none-eabi/lib/thumb/v7e-m+fp/hard/libc_nano.a(lib_a-nano-reallocr.o)
                0x000000000800ff5c                _realloc_r
 .text._malloc_usable_size_r
                0x000000000800ffba       0x10 /opt/st/stm32cube/plugins/com.st.stm32cube.ide.mcu.externaltools.gnu-tools-for-stm32.10.3-2021.10.linux64_1.0.0.202111181127/tools/bin/../lib/gcc/arm-none-eabi/10.3.1/../../../../arm-none-eabi/lib/thumb/v7e-m+fp/hard/libc_nano.a(lib_a-nano-msizer.o)
                0x000000000800ffba                _malloc_usable_size_r
 .text.atan2f   0x000000000800ffca        0x4 /opt/st/stm32cube/plugins/com.st.stm32cube.ide.mcu.externaltools.gnu-tools-for-stm32.10.3-2021.10.linux64_1.0.0.202111181127/tools/bin/../lib/gcc/arm-none-eabi/10.3.1/../../../../arm-none-eabi/lib/thumb/v7e-m+fp/hard/libm.a(lib_a-wf_atan2.o)
                0x000000000800ffca                atan2f
 *fill*         0x000000000800ffce        0x2 
 .text.sqrtf    0x000000000800ffd0       0x3c /opt/st/stm32cube/plugins/com.st.stm32cube.ide.mcu.externaltools.gnu-tools-for-stm32.10.3-2021.10.linux64_1.0.0.202111181127/tools/bin/../lib/gcc/arm-none-eabi/10.3.1/../../../../arm-none-eabi/lib/thumb/v7e-m+fp/hard/libm.a(lib_a-wf_sqrt.o)
                0x000000000800ffd0                sqrtf
 .text.__ieee754_atan2f
                0x000000000801000c      0x140 /opt/st/stm32cube/plugins/com.st.stm32cube.ide.mcu.externaltools.gnu-tools-for-stm32.10.3-2021.10.linux64_1.0.0.202111181127/tools/bin/../lib/gcc/arm-none-eabi/10.3.1/../../../../arm-none-eabi/lib/thumb/v7e-m+fp/hard/libm.a(lib_a-ef_atan2.o)
                0x000000000801000c                __ieee754_atan2f
 .text.__ieee754_sqrtf
                0x000000000801014c        0x6 /opt/st/stm32cube/plugins/com.st.stm32cube.ide.mcu.externaltools.gnu-tools-for-stm32.10.3-2021.10.linux64_1.0.0.202111181127/tools/bin/../lib/gcc/arm-none-eabi/10.3.1/../../../../arm-none-eabi/lib/thumb/v7e-m+fp/hard/libm.a(lib_a-ef_sqrt.o)
                0x000000000801014c                __ieee754_sqrtf
 *fill*         0x0000000008010152        0x2 
 .text.atanf    0x0000000008010154      0x1a8 /opt/st/stm32cube/plugins/com.st.stm32cube.ide.mcu.externaltools.gnu-tools-for-stm32.10.3-2021.10.linux64_1.0.0.202111181127/tools/bin/../lib/gcc/arm-none-eabi/10.3.1/../../../../arm-none-eabi/lib/thumb/v7e-m+fp/hard/libm.a(lib_a-sf_atan.o)
                0x0000000008010154                atanf
 .text.fabsf    0x00000000080102fc        0xe /opt/st/stm32cube/plugins/com.st.stm32cube.ide.mcu.externaltools.gnu-tools-for-stm32.10.3-2021.10.linux64_1.0.0.202111181127/tools/bin/../lib/gcc/arm-none-eabi/10.3.1/../../../../arm-none-eabi/lib/thumb/v7e-m+fp/hard/libm.a(lib_a-sf_fabs.o)
                0x00000000080102fc                fabsf
 *(.glue_7)
 .glue_7        0x000000000801030a        0x0 linker stubs
 *(.glue_7t)
 .glue_7t       0x000000000801030a        0x0 linker stubs
 *(.eh_frame)
 *fill*         0x000000000801030a        0x2 
 .eh_frame      0x000000000801030c        0x0 /opt/st/stm32cube/plugins/com.st.stm32cube.ide.mcu.externaltools.gnu-tools-for-stm32.10.3-2021.10.linux64_1.0.0.202111181127/tools/bin/../lib/gcc/arm-none-eabi/10.3.1/thumb/v7e-m+fp/hard/crtbegin.o
 *(.init)
 .init          0x000000000801030c        0x4 /opt/st/stm32cube/plugins/com.st.stm32cube.ide.mcu.externaltools.gnu-tools-for-stm32.10.3-2021.10.linux64_1.0.0.202111181127/tools/bin/../lib/gcc/arm-none-eabi/10.3.1/thumb/v7e-m+fp/hard/crti.o
                0x000000000801030c                _init
 .init          0x0000000008010310        0x8 /opt/st/stm32cube/plugins/com.st.stm32cube.ide.mcu.externaltools.gnu-tools-for-stm32.10.3-2021.10.linux64_1.0.0.202111181127/tools/bin/../lib/gcc/arm-none-eabi/10.3.1/thumb/v7e-m+fp/hard/crtn.o
 *(.fini)
 .fini          0x0000000008010318        0x4 /opt/st/stm32cube/plugins/com.st.stm32cube.ide.mcu.externaltools.gnu-tools-for-stm32.10.3-2021.10.linux64_1.0.0.202111181127/tools/bin/../lib/gcc/arm-none-eabi/10.3.1/thumb/v7e-m+fp/hard/crti.o
                0x0000000008010318                _fini
 .fini          0x000000000801031c        0x8 /opt/st/stm32cube/plugins/com.st.stm32cube.ide.mcu.externaltools.gnu-tools-for-stm32.10.3-2021.10.linux64_1.0.0.202111181127/tools/bin/../lib/gcc/arm-none-eabi/10.3.1/thumb/v7e-m+fp/hard/crtn.o
                0x0000000008010324                . = ALIGN (0x4)
                0x0000000008010324                _etext = .

.vfp11_veneer   0x0000000008010324        0x0
 .vfp11_veneer  0x0000000008010324        0x0 linker stubs

.v4_bx          0x0000000008010324        0x0
 .v4_bx         0x0000000008010324        0x0 linker stubs

.iplt           0x0000000008010324        0x0
 .iplt          0x0000000008010324        0x0 /opt/st/stm32cube/plugins/com.st.stm32cube.ide.mcu.externaltools.gnu-tools-for-stm32.10.3-2021.10.linux64_1.0.0.202111181127/tools/bin/../lib/gcc/arm-none-eabi/10.3.1/thumb/v7e-m+fp/hard/crtbegin.o

.rodata         0x0000000008010324     0x112c
                0x0000000008010324                . = ALIGN (0x4)
 *(.rodata)
 .rodata        0x0000000008010324       0xe0 ./Core/Src/FreeRTOS_CLI.o
 .rodata        0x0000000008010404      0x1a7 ./Core/Src/main.o
 *fill*         0x00000000080105ab        0x1 