../USB_DEVICE/App/usbd_cdc_if.c:140:6:init_usb_rtos_obj	8	static
../USB_DEVICE/App/usbd_cdc_if.c:146:10:usb_is_on	4	static
../USB_DEVICE/App/usbd_cdc_if.c:150:12:CDC_Receiveq_MS	16	static
../USB_DEVICE/App/usbd_cdc_if.c:154:9:read_usb_cdc	24	static
../USB_DEVICE/App/usbd_cdc_if.c:178:15:CDC_Init_FS	8	static
../USB_DEVICE/App/usbd_cdc_if.c:192:15:CDC_DeInit_FS	4	static
../USB_DEVICE/App/usbd_cdc_if.c:206:15:CDC_Control_FS	16	static
../USB_DEVICE/App/usbd_cdc_if.c:287:15:CDC_Receive_FS	24	static,ignoring_inline_asm
../USB_DEVICE/App/usbd_cdc_if.c:316:9:CDC_Transmit_FS	24	static
../USB_DEVICE/App/usbd_cdc_if.c:347:15:CDC_TransmitCplt_FS	32	static,ignoring_inline_asm
